
> nextn@0.1.0 build
> next build

   Γû▓ Next.js 15.3.3
   - Environments: .env.local, .env

   Creating an optimized production build ...
node.exe :  ΓÜá Compiled with warnings in 40.0s
At line:1 char:1
+ & "C:\nvm4w\nodejs/node.exe" "C:\nvm4w\nodejs/node_modules/npm/bin/np ...
+ ~~~~~~~~~~~~~~~~~~~~~~~~~~~~~~~~~~~~~~~~~~~~~~~~~~~~~~~~~~~~~~~~~~~~~
    + CategoryInfo          : NotSpecified: ( ΓÜá Compiled with warnings in 40.0s:String) [], RemoteExcepti 
   on
    + FullyQualifiedErrorId : NativeCommandError
 

./src/app/dashboard/hrms/attendance/page.tsx
Attempted import error: 'getAttendanceData' is not exported from '../actions' (imported as 
'getAttendanceData').

Import trace for requested module:
./src/app/dashboard/hrms/attendance/page.tsx

./src/app/dashboard/hrms/compliance/client.tsx
Attempted import error: 'deleteComplianceDocument' is not exported from './actions' (imported as 
'deleteComplianceDocument').

Import trace for requested module:
./src/app/dashboard/hrms/compliance/client.tsx

./src/app/dashboard/hrms/employees/client.tsx
Attempted import error: 'addStaffMember' is not exported from '../actions' (imported as 'addStaffMember').

Import trace for requested module:
./src/app/dashboard/hrms/employees/client.tsx

./src/app/dashboard/hrms/employees/client.tsx
Attempted import error: 'updateStaffMember' is not exported from '../actions' (imported as 
'updateStaffMember').

Import trace for requested module:
./src/app/dashboard/hrms/employees/client.tsx

./src/app/dashboard/hrms/employees/edit/page.tsx
Attempted import error: 'updateStaffMember' is not exported from '../../../hrms/actions' (imported as 
'updateStaffMember').

Import trace for requested module:
./src/app/dashboard/hrms/employees/edit/page.tsx

./src/app/dashboard/hrms/leaves/client.tsx
Attempted import error: 'addLeaveRequest' is not exported from '../actions' (imported as 'addLeaveRequest').

Import trace for requested module:
./src/app/dashboard/hrms/leaves/client.tsx

./src/app/dashboard/hrms/leaves/client.tsx
Attempted import error: 'updateLeaveRequestStatus' is not exported from '../actions' (imported as 
'updateLeaveRequestStatus').

Import trace for requested module:
./src/app/dashboard/hrms/leaves/client.tsx

./src/app/dashboard/hrms/recruitment/page.tsx
Attempted import error: 'getJobOpenings' is not exported from '../actions' (imported as 'getJobOpenings').

Import trace for requested module:
./src/app/dashboard/hrms/recruitment/page.tsx

./src/app/dashboard/hrms/recruitment/page.tsx
Attempted import error: 'getApplicants' is not exported from '../actions' (imported as 'getApplicants').

Import trace for requested module:
./src/app/dashboard/hrms/recruitment/page.tsx

./src/app/dashboard/hrms/recruitment/page.tsx
Attempted import error: 'updateJobOpening' is not exported from '../actions' (imported as 
'updateJobOpening').

Import trace for requested module:
./src/app/dashboard/hrms/recruitment/page.tsx

./src/app/dashboard/hrms/recruitment/page.tsx
Attempted import error: 'createJobOpening' is not exported from '../actions' (imported as 
'createJobOpening').

Import trace for requested module:
./src/app/dashboard/hrms/recruitment/page.tsx

./src/app/dashboard/hrms/recruitment/page.tsx
Attempted import error: 'updateApplicantStage' is not exported from '../actions' (imported as 
'updateApplicantStage').

Import trace for requested module:
./src/app/dashboard/hrms/recruitment/page.tsx

./src/app/dashboard/hrms/recruitment/page.tsx
Attempted import error: 'addApplicant' is not exported from '../actions' (imported as 'addApplicant').

Import trace for requested module:
./src/app/dashboard/hrms/recruitment/page.tsx

./src/app/dashboard/sales/customers/customers-client.tsx
Attempted import error: 'addCustomer' is not exported from '../actions' (imported as 'addCustomer').

Import trace for requested module:
./src/app/dashboard/sales/customers/customers-client.tsx

./src/app/dashboard/sales/leads/client.tsx
Attempted import error: 'updateLead' is not exported from '../actions' (imported as 'updateLead').

Import trace for requested module:
./src/app/dashboard/sales/leads/client.tsx

./src/app/dashboard/sales/leads/client.tsx
Attempted import error: 'deleteLead' is not exported from '../actions' (imported as 'deleteLead').

Import trace for requested module:
./src/app/dashboard/sales/leads/client.tsx

./src/app/dashboard/sales/leads/client.tsx
Attempted import error: 'convertLeadToCustomer' is not exported from '../actions' (imported as 
'convertLeadToCustomer').

Import trace for requested module:
./src/app/dashboard/sales/leads/client.tsx

./src/app/dashboard/sales/leads/client.tsx
Attempted import error: 'updateLead' is not exported from '../actions' (imported as 'updateLead').

Import trace for requested module:
./src/app/dashboard/sales/leads/client.tsx

./src/app/dashboard/sales/opportunities/page.tsx
Attempted import error: 'updateOpportunityPriority' is not exported from '../actions' (imported as 
'updateOpportunityPriority').

Import trace for requested module:
./src/app/dashboard/sales/opportunities/page.tsx

./src/app/dashboard/sales/opportunities/page.tsx
Attempted import error: 'updateOpportunity' is not exported from '../actions' (imported as 
'updateOpportunity').

Import trace for requested module:
./src/app/dashboard/sales/opportunities/page.tsx

./src/app/dashboard/sales/opportunities/page.tsx
Attempted import error: 'updateOpportunityPriority' is not exported from '../actions' (imported as 
'updateOpportunityPriority').

Import trace for requested module:
./src/app/dashboard/sales/opportunities/page.tsx

./src/app/dashboard/sales/opportunities/page.tsx
Attempted import error: 'updateOpportunity' is not exported from '../actions' (imported as 
'updateOpportunity').

Import trace for requested module:
./src/app/dashboard/sales/opportunities/page.tsx

./src/app/dashboard/sales/opportunities/page.tsx
Attempted import error: 'deleteOpportunity' is not exported from '../actions' (imported as 
'deleteOpportunity').

Import trace for requested module:
./src/app/dashboard/sales/opportunities/page.tsx

./src/app/dashboard/sales/opportunities/page.tsx
Attempted import error: 'addCommunicationLog' is not exported from '../actions' (imported as 
'addCommunicationLog').

Import trace for requested module:
./src/app/dashboard/sales/opportunities/page.tsx

./src/app/dashboard/sales/quotations/client.tsx
Attempted import error: 'updateQuotationStatus' is not exported from '../actions' (imported as 
'updateQuotationStatus').

Import trace for requested module:
./src/app/dashboard/sales/quotations/client.tsx

./src/app/dashboard/sales/quotations/client.tsx
Attempted import error: 'createOrderFromQuote' is not exported from '../actions' (imported as 
'createOrderFromQuote').

Import trace for requested module:
./src/app/dashboard/sales/quotations/client.tsx

./src/app/dashboard/sales/quotations/create/client.tsx
Attempted import error: 'addQuotation' is not exported from '../../actions' (imported as 'addQuotation').

Import trace for requested module:
./src/app/dashboard/sales/quotations/create/client.tsx

./src/app/dashboard/sales/visits/client.tsx
Attempted import error: 'logVisit' is not exported from '../actions' (imported as 'logVisit').

Import trace for requested module:
./src/app/dashboard/sales/visits/client.tsx

./src/app/dashboard/settings/profile/page.tsx
Attempted import error: 'revokeSessionById' is not exported from './actions' (imported as 
'revokeSessionById').

Import trace for requested module:
./src/app/dashboard/settings/profile/page.tsx

./src/app/dashboard/settings/profile/page.tsx
Attempted import error: 'updateCurrentUserProfile' is not exported from './actions' (imported as 
'updateCurrentUserProfile').

Import trace for requested module:
./src/app/dashboard/settings/profile/page.tsx

./src/app/dashboard/store/billing/client.tsx
Attempted import error: 'createOrder' is not exported from '../../sales/actions' (imported as 
'createOrder').

Import trace for requested module:
./src/app/dashboard/store/billing/client.tsx

./src/app/dashboard/store/debit-note/page.tsx
Attempted import error: 'getSalesCustomers' is not exported from '../../sales/actions' (imported as 
'getSalesCustomers').

Import trace for requested module:
./src/app/dashboard/store/debit-note/page.tsx

./src/app/dashboard/hrms/attendance/page.tsx
Attempted import error: 'getAttendanceData' is not exported from '../actions' (imported as 
'getAttendanceData').

Import trace for requested module:
./src/app/dashboard/hrms/attendance/page.tsx

./src/app/dashboard/hrms/compliance/client.tsx
Attempted import error: 'deleteComplianceDocument' is not exported from './actions' (imported as 
'deleteComplianceDocument').

Import trace for requested module:
./src/app/dashboard/hrms/compliance/client.tsx

./src/app/dashboard/hrms/employees/client.tsx
Attempted import error: 'addStaffMember' is not exported from '../actions' (imported as 'addStaffMember').

Import trace for requested module:
./src/app/dashboard/hrms/employees/client.tsx

./src/app/dashboard/hrms/employees/client.tsx
Attempted import error: 'updateStaffMember' is not exported from '../actions' (imported as 
'updateStaffMember').

Import trace for requested module:
./src/app/dashboard/hrms/employees/client.tsx

./src/app/dashboard/hrms/employees/edit/page.tsx
Attempted import error: 'updateStaffMember' is not exported from '../../../hrms/actions' (imported as 
'updateStaffMember').

Import trace for requested module:
./src/app/dashboard/hrms/employees/edit/page.tsx

./src/app/dashboard/hrms/leaves/client.tsx
Attempted import error: 'addLeaveRequest' is not exported from '../actions' (imported as 'addLeaveRequest').

Import trace for requested module:
./src/app/dashboard/hrms/leaves/client.tsx

./src/app/dashboard/hrms/leaves/client.tsx
Attempted import error: 'updateLeaveRequestStatus' is not exported from '../actions' (imported as 
'updateLeaveRequestStatus').

Import trace for requested module:
./src/app/dashboard/hrms/leaves/client.tsx

./src/app/dashboard/hrms/recruitment/page.tsx
Attempted import error: 'getJobOpenings' is not exported from '../actions' (imported as 'getJobOpenings').

Import trace for requested module:
./src/app/dashboard/hrms/recruitment/page.tsx

./src/app/dashboard/hrms/recruitment/page.tsx
Attempted import error: 'getApplicants' is not exported from '../actions' (imported as 'getApplicants').

Import trace for requested module:
./src/app/dashboard/hrms/recruitment/page.tsx

./src/app/dashboard/hrms/recruitment/page.tsx
Attempted import error: 'updateJobOpening' is not exported from '../actions' (imported as 
'updateJobOpening').

Import trace for requested module:
./src/app/dashboard/hrms/recruitment/page.tsx

./src/app/dashboard/hrms/recruitment/page.tsx
Attempted import error: 'createJobOpening' is not exported from '../actions' (imported as 
'createJobOpening').

Import trace for requested module:
./src/app/dashboard/hrms/recruitment/page.tsx

./src/app/dashboard/hrms/recruitment/page.tsx
Attempted import error: 'updateApplicantStage' is not exported from '../actions' (imported as 
'updateApplicantStage').

Import trace for requested module:
./src/app/dashboard/hrms/recruitment/page.tsx

./src/app/dashboard/hrms/recruitment/page.tsx
Attempted import error: 'addApplicant' is not exported from '../actions' (imported as 'addApplicant').

Import trace for requested module:
./src/app/dashboard/hrms/recruitment/page.tsx

./src/app/dashboard/sales/customers/customers-client.tsx
Attempted import error: 'addCustomer' is not exported from '../actions' (imported as 'addCustomer').

Import trace for requested module:
./src/app/dashboard/sales/customers/customers-client.tsx

./src/app/dashboard/sales/leads/client.tsx
Attempted import error: 'updateLead' is not exported from '../actions' (imported as 'updateLead').

Import trace for requested module:
./src/app/dashboard/sales/leads/client.tsx

./src/app/dashboard/sales/leads/client.tsx
Attempted import error: 'deleteLead' is not exported from '../actions' (imported as 'deleteLead').

Import trace for requested module:
./src/app/dashboard/sales/leads/client.tsx

./src/app/dashboard/sales/leads/client.tsx
Attempted import error: 'convertLeadToCustomer' is not exported from '../actions' (imported as 
'convertLeadToCustomer').

Import trace for requested module:
./src/app/dashboard/sales/leads/client.tsx

./src/app/dashboard/sales/leads/client.tsx
Attempted import error: 'updateLead' is not exported from '../actions' (imported as 'updateLead').

Import trace for requested module:
./src/app/dashboard/sales/leads/client.tsx

./src/app/dashboard/sales/opportunities/page.tsx
Attempted import error: 'updateOpportunityPriority' is not exported from '../actions' (imported as 
'updateOpportunityPriority').

Import trace for requested module:
./src/app/dashboard/sales/opportunities/page.tsx

./src/app/dashboard/sales/opportunities/page.tsx
Attempted import error: 'updateOpportunity' is not exported from '../actions' (imported as 
'updateOpportunity').

Import trace for requested module:
./src/app/dashboard/sales/opportunities/page.tsx

./src/app/dashboard/sales/opportunities/page.tsx
Attempted import error: 'updateOpportunityPriority' is not exported from '../actions' (imported as 
'updateOpportunityPriority').

Import trace for requested module:
./src/app/dashboard/sales/opportunities/page.tsx

./src/app/dashboard/sales/opportunities/page.tsx
Attempted import error: 'updateOpportunity' is not exported from '../actions' (imported as 
'updateOpportunity').

Import trace for requested module:
./src/app/dashboard/sales/opportunities/page.tsx

./src/app/dashboard/sales/opportunities/page.tsx
Attempted import error: 'deleteOpportunity' is not exported from '../actions' (imported as 
'deleteOpportunity').

Import trace for requested module:
./src/app/dashboard/sales/opportunities/page.tsx

./src/app/dashboard/sales/opportunities/page.tsx
Attempted import error: 'addCommunicationLog' is not exported from '../actions' (imported as 
'addCommunicationLog').

Import trace for requested module:
./src/app/dashboard/sales/opportunities/page.tsx

./src/app/dashboard/sales/quotations/client.tsx
Attempted import error: 'updateQuotationStatus' is not exported from '../actions' (imported as 
'updateQuotationStatus').

Import trace for requested module:
./src/app/dashboard/sales/quotations/client.tsx

./src/app/dashboard/sales/quotations/client.tsx
Attempted import error: 'createOrderFromQuote' is not exported from '../actions' (imported as 
'createOrderFromQuote').

Import trace for requested module:
./src/app/dashboard/sales/quotations/client.tsx

./src/app/dashboard/sales/quotations/create/client.tsx
   Skipping linting
   Checking validity of types ...
Attempted import error: 'addQuotation' is not exported from '../../actions' (imported as 'addQuotation').

Import trace for requested module:
./src/app/dashboard/sales/quotations/create/client.tsx

./src/app/dashboard/sales/visits/client.tsx
Attempted import error: 'logVisit' is not exported from '../actions' (imported as 'logVisit').

Import trace for requested module:
./src/app/dashboard/sales/visits/client.tsx

./src/app/dashboard/settings/profile/page.tsx
Attempted import error: 'revokeSessionById' is not exported from './actions' (imported as 
'revokeSessionById').

Import trace for requested module:
./src/app/dashboard/settings/profile/page.tsx

./src/app/dashboard/settings/profile/page.tsx
Attempted import error: 'updateCurrentUserProfile' is not exported from './actions' (imported as 
'updateCurrentUserProfile').

Import trace for requested module:
./src/app/dashboard/settings/profile/page.tsx

./src/app/dashboard/store/billing/client.tsx
Attempted import error: 'createOrder' is not exported from '../../sales/actions' (imported as 
'createOrder').

Import trace for requested module:
./src/app/dashboard/store/billing/client.tsx

./src/app/dashboard/store/debit-note/page.tsx
Attempted import error: 'getSalesCustomers' is not exported from '../../sales/actions' (imported as 
'getSalesCustomers').

Import trace for requested module:
./src/app/dashboard/store/debit-note/page.tsx

./src/app/dashboard/hrms/announcements/page.tsx
Attempted import error: 'getUserPermissions' is not exported from './actions' (imported as 
'getUserPermissions').

Import trace for requested module:
./src/app/dashboard/hrms/announcements/page.tsx

./src/app/dashboard/hrms/employees/page.tsx
Attempted import error: 'getAllRoles' is not exported from '../../users/roles/actions' (imported as 
'getAllRoles').

Import trace for requested module:
./src/app/dashboard/hrms/employees/page.tsx

./src/app/dashboard/hrms/leaves/page.tsx
Attempted import error: 'getLeaveRequests' is not exported from '../actions' (imported as 
'getLeaveRequests').

Import trace for requested module:
./src/app/dashboard/hrms/leaves/page.tsx

./src/app/dashboard/hrms/leaves/page.tsx
Attempted import error: 'getLeavePolicies' is not exported from '../actions' (imported as 
'getLeavePolicies').

Import trace for requested module:
./src/app/dashboard/hrms/leaves/page.tsx

./src/app/dashboard/sales/customers/page.tsx
Attempted import error: 'getSalesCustomers' is not exported from '../actions' (imported as 
'getSalesCustomers').

Import trace for requested module:
./src/app/dashboard/sales/customers/page.tsx

./src/app/dashboard/sales/dashboard/actions.ts
Attempted import error: 'getSalesCustomers' is not exported from '../actions' (imported as 
'getSalesCustomers').

Import trace for requested module:
./src/app/dashboard/sales/dashboard/actions.ts
./src/app/dashboard/sales/dashboard/page.tsx

./src/app/dashboard/sales/leaderboard/page.tsx
Attempted import error: 'getLeaderboardData' is not exported from './actions' (imported as 
'getLeaderboardData').

Import trace for requested module:
./src/app/dashboard/sales/leaderboard/page.tsx

./src/app/dashboard/sales/opportunities/actions.ts
Attempted import error: 'getSalesCustomers' is not exported from '../actions' (imported as 
'getSalesCustomers').

Import trace for requested module:
./src/app/dashboard/sales/opportunities/actions.ts

./src/app/dashboard/sales/orders/page.tsx
Attempted import error: 'getSalesCustomers' is not exported from '../actions' (imported as 
'getSalesCustomers').

Import trace for requested module:
./src/app/dashboard/sales/orders/page.tsx

./src/app/dashboard/sales/quotations/[id]/page.tsx
Attempted import error: 'createOrderFromQuote' is not exported from '../../actions' (imported as 
'createOrderFromQuote').

Import trace for requested module:
./src/app/dashboard/sales/quotations/[id]/page.tsx

./src/app/dashboard/sales/quotations/create/page.tsx
Attempted import error: 'getSalesCustomers' is not exported from '@/app/dashboard/sales/actions' (imported 
as 'getSalesCustomers').

Import trace for requested module:
./src/app/dashboard/sales/quotations/create/page.tsx

./src/app/dashboard/sales/quotations/page.tsx
Attempted import error: 'getSalesCustomers' is not exported from '../actions' (imported as 
'getSalesCustomers').

Import trace for requested module:
./src/app/dashboard/sales/quotations/page.tsx

./src/app/dashboard/sales/visits/page.tsx
Attempted import error: 'getDealersForUser' is not exported from '../actions' (imported as 
'getDealersForUser').

Import trace for requested module:
./src/app/dashboard/sales/visits/page.tsx

./src/app/dashboard/sales/visits/page.tsx
Attempted import error: 'getVisitsForUser' is not exported from '../actions' (imported as 
'getVisitsForUser').

Import trace for requested module:
./src/app/dashboard/sales/visits/page.tsx

./src/app/dashboard/store/billing-history/page.tsx
Attempted import error: 'getSalesCustomers' is not exported from '@/app/dashboard/sales/actions' (imported 
as 'getSalesCustomers').

Import trace for requested module:
./src/app/dashboard/store/billing-history/page.tsx

./src/app/dashboard/store/billing/page.tsx
Attempted import error: 'getSalesCustomers' is not exported from '@/app/dashboard/sales/actions' (imported 
as 'getSalesCustomers').

Import trace for requested module:
./src/app/dashboard/store/billing/page.tsx

./src/app/dashboard/store/profile/[id]/page.tsx
Attempted import error: 'getStoreDetails' is not exported from './actions' (imported as 'getStoreDetails').

Import trace for requested module:
./src/app/dashboard/store/profile/[id]/page.tsx

./src/app/dashboard/users/roles/page.tsx
Attempted import error: 'getAllRoles' is not exported from './actions' (imported as 'getAllRoles').

Import trace for requested module:
./src/app/dashboard/users/roles/page.tsx

Failed to compile.

./src/app/dashboard/client-layout.tsx:122:14
Type error: Property 'href' does not exist on type '{ permission?: string | undefined; }'.

[0m [90m 120 |[39m   [90m// when possible. This ensures the prop types match and avoids widening string 
types.[39m[0m
[0m [90m 121 |[39m   [36mconst[39m sidebarNavItems[33m:[39m any[] [33m=[39m 
accessibleSubNavItems[33m.[39mmap((it) [33m=>[39m ({[0m
[0m[31m[1m>[22m[39m[90m 122 |[39m     href[33m:[39m it[33m.[39mhref[33m,[39m[0m
[0m [90m     |[39m              [31m[1m^[22m[39m[0m
[0m [90m 123 |[39m     label[33m:[39m it[33m.[39mlabel[33m,[39m[0m
[0m [90m 124 |[39m     [90m// Coerce to 'keyof typeof Icons'. If the icon is not present in Icons, 
leave undefined.[39m[0m
[0m [90m 125 |[39m     icon[33m:[39m (it[33m.[39micon [33m&&[39m (it[33m.[39micon [36mas[39m 
keyof [36mtypeof[39m [33mIcons[39m)) [33m||[39m undefined[33m,[39m[0m
Next.js build worker exited with code: 1 and signal: null
