
> nextn@0.1.0 test
> vitest


[1m[44m DEV [49m[22m [34mv4.0.4 [39m[90mC:/Users/harsh/Desktop/Arcus_web_Folder/arcus-v1[39m

node.exe : [90mstderr[2m | testing/supabase-auth/integration/auth-api.test.ts[2m > [22m[2mSupabase 
Auth Integration Tests[2m > [22m[2mPOST /api/auth/signup[2m > [22m[2mshould successfully register a 
new user
At line:1 char:1
+ & "C:\nvm4w\nodejs/node.exe" "C:\nvm4w\nodejs/node_modules/npm/bin/np ...
+ ~~~~~~~~~~~~~~~~~~~~~~~~~~~~~~~~~~~~~~~~~~~~~~~~~~~~~~~~~~~~~~~~~~~~~
    + CategoryInfo          : NotSpecified: ([90mstderr[2m...ster a new user:String) [], RemoteException
    + FullyQualifiedErrorId : NativeCommandError
 
[22m[39mAggregateError: 
[90m    at internalConnectMultiple (node:net:1134:18)[39m
[90m    at afterConnectMultiple (node:net:1715:7)[39m {
  code: [32m'ECONNREFUSED'[39m,
  [errors]: [
    Error: connect ECONNREFUSED ::1:3000
    [90m    at createConnectionError (node:net:1678:14)[39m
    [90m    at afterConnectMultiple (node:net:1708:16)[39m {
      errno: [33m-4078[39m,
      code: [32m'ECONNREFUSED'[39m,
      syscall: [32m'connect'[39m,
      address: [32m'::1'[39m,
      port: [33m3000[39m
    },
    Error: connect ECONNREFUSED 127.0.0.1:3000
    [90m    at createConnectionError (node:net:1678:14)[39m
    [90m    at afterConnectMultiple (node:net:1708:16)[39m {
      errno: [33m-4078[39m,
      code: [32m'ECONNREFUSED'[39m,
      syscall: [32m'connect'[39m,
      address: [32m'127.0.0.1'[39m,
      port: [33m3000[39m
    }
  ]
}

[90mstderr[2m | src/tests/auth-rbac-integration.test.ts[2m > [22m[2mAuthentication & RBAC Integration 
Tests[2m > [22m[2mPhase 1: User Authentication Flow[2m > [22m[2mshould successfully login admin user
[22m[39mAggregateError: 
[90m    at internalConnectMultiple (node:net:1134:18)[39m
[90m    at afterConnectMultiple (node:net:1715:7)[39m {
  code: [32m'ECONNREFUSED'[39m,
  [errors]: [
    Error: connect ECONNREFUSED ::1:3000
    [90m    at createConnectionError (node:net:1678:14)[39m
    [90m    at afterConnectMultiple (node:net:1708:16)[39m {
      errno: [33m-4078[39m,
      code: [32m'ECONNREFUSED'[39m,
      syscall: [32m'connect'[39m,
      address: [32m'::1'[39m,
      port: [33m3000[39m
    },
    Error: connect ECONNREFUSED 127.0.0.1:3000
    [90m    at createConnectionError (node:net:1678:14)[39m
    [90m    at afterConnectMultiple (node:net:1708:16)[39m {
      errno: [33m-4078[39m,
      code: [32m'ECONNREFUSED'[39m,
      syscall: [32m'connect'[39m,
      address: [32m'127.0.0.1'[39m,
      port: [33m3000[39m
    }
  ]
}

[90mstderr[2m | testing/supabase-auth/integration/auth-api.test.ts[2m > [22m[2mSupabase Auth 
Integration Tests[2m > [22m[2mPOST /api/auth/signup[2m > [22m[2mshould reject signup with invalid 
email
[22m[39mAggregateError: 
[90m    at internalConnectMultiple (node:net:1134:18)[39m
[90m    at afterConnectMultiple (node:net:1715:7)[39m {
  code: [32m'ECONNREFUSED'[39m,
  [errors]: [
    Error: connect ECONNREFUSED ::1:3000
    [90m    at createConnectionError (node:net:1678:14)[39m
    [90m    at afterConnectMultiple (node:net:1708:16)[39m {
      errno: [33m-4078[39m,
      code: [32m'ECONNREFUSED'[39m,
      syscall: [32m'connect'[39m,
      address: [32m'::1'[39m,
      port: [33m3000[39m
    },
    Error: connect ECONNREFUSED 127.0.0.1:3000
    [90m    at createConnectionError (node:net:1678:14)[39m
    [90m    at afterConnectMultiple (node:net:1708:16)[39m {
      errno: [33m-4078[39m,
      code: [32m'ECONNREFUSED'[39m,
      syscall: [32m'connect'[39m,
      address: [32m'127.0.0.1'[39m,
      port: [33m3000[39m
    }
  ]
}

[90mstderr[2m | src/tests/auth-rbac-integration.test.ts[2m > [22m[2mAuthentication & RBAC Integration 
Tests[2m > [22m[2mPhase 1: User Authentication Flow[2m > [22m[2mshould create session cookie with 
proper attributes
[22m[39mAggregateError: 
[90m    at internalConnectMultiple (node:net:1134:18)[39m
[90m    at afterConnectMultiple (node:net:1715:7)[39m {
  code: [32m'ECONNREFUSED'[39m,
  [errors]: [
    Error: connect ECONNREFUSED ::1:3000
    [90m    at createConnectionError (node:net:1678:14)[39m
    [90m    at afterConnectMultiple (node:net:1708:16)[39m {
      errno: [33m-4078[39m,
      code: [32m'ECONNREFUSED'[39m,
      syscall: [32m'connect'[39m,
      address: [32m'::1'[39m,
      port: [33m3000[39m
    },
    Error: connect ECONNREFUSED 127.0.0.1:3000
    [90m    at createConnectionError (node:net:1678:14)[39m
    [90m    at afterConnectMultiple (node:net:1708:16)[39m {
      errno: [33m-4078[39m,
      code: [32m'ECONNREFUSED'[39m,
      syscall: [32m'connect'[39m,
      address: [32m'127.0.0.1'[39m,
      port: [33m3000[39m
    }
  ]
}

[90mstderr[2m | testing/supabase-auth/integration/auth-api.test.ts[2m > [22m[2mSupabase Auth 
Integration Tests[2m > [22m[2mPOST /api/auth/signup[2m > [22m[2mshould reject signup with invalid 
email
[22m[39mAggregateError: 
[90m    at internalConnectMultiple (node:net:1134:18)[39m
[90m    at afterConnectMultiple (node:net:1715:7)[39m {
  code: [32m'ECONNREFUSED'[39m,
  [errors]: [
    Error: connect ECONNREFUSED ::1:3000
    [90m    at createConnectionError (node:net:1678:14)[39m
    [90m    at afterConnectMultiple (node:net:1708:16)[39m {
      errno: [33m-4078[39m,
      code: [32m'ECONNREFUSED'[39m,
      syscall: [32m'connect'[39m,
      address: [32m'::1'[39m,
      port: [33m3000[39m
    },
    Error: connect ECONNREFUSED 127.0.0.1:3000
    [90m    at createConnectionError (node:net:1678:14)[39m
    [90m    at afterConnectMultiple (node:net:1708:16)[39m {
      errno: [33m-4078[39m,
      code: [32m'ECONNREFUSED'[39m,
      syscall: [32m'connect'[39m,
      address: [32m'127.0.0.1'[39m,
      port: [33m3000[39m
    }
  ]
}

[90mstderr[2m | src/tests/auth-rbac-integration.test.ts[2m > [22m[2mAuthentication & RBAC Integration 
Tests[2m > [22m[2mPhase 1: User Authentication Flow[2m > [22m[2mshould create session cookie with 
proper attributes
[22m[39mAggregateError: 
[90m    at internalConnectMultiple (node:net:1134:18)[39m
[90m    at afterConnectMultiple (node:net:1715:7)[39m {
  code: [32m'ECONNREFUSED'[39m,
  [errors]: [
    Error: connect ECONNREFUSED ::1:3000
    [90m    at createConnectionError (node:net:1678:14)[39m
    [90m    at afterConnectMultiple (node:net:1708:16)[39m {
      errno: [33m-4078[39m,
      code: [32m'ECONNREFUSED'[39m,
      syscall: [32m'connect'[39m,
      address: [32m'::1'[39m,
      port: [33m3000[39m
    },
    Error: connect ECONNREFUSED 127.0.0.1:3000
    [90m    at createConnectionError (node:net:1678:14)[39m
    [90m    at afterConnectMultiple (node:net:1708:16)[39m {
      errno: [33m-4078[39m,
      code: [32m'ECONNREFUSED'[39m,
      syscall: [32m'connect'[39m,
      address: [32m'127.0.0.1'[39m,
      port: [33m3000[39m
    }
  ]
}

[90mstderr[2m | testing/supabase-auth/integration/auth-api.test.ts[2m > [22m[2mSupabase Auth 
Integration Tests[2m > [22m[2mPOST /api/auth/signup[2m > [22m[2mshould reject signup with short 
password
[22m[39mAggregateError: 
[90m    at internalConnectMultiple (node:net:1134:18)[39m
[90m    at afterConnectMultiple (node:net:1715:7)[39m {
  code: [32m'ECONNREFUSED'[39m,
  [errors]: [
    Error: connect ECONNREFUSED ::1:3000
    [90m    at createConnectionError (node:net:1678:14)[39m
    [90m    at afterConnectMultiple (node:net:1708:16)[39m {
      errno: [33m-4078[39m,
      code: [32m'ECONNREFUSED'[39m,
      syscall: [32m'connect'[39m,
      address: [32m'::1'[39m,
      port: [33m3000[39m
    },
    Error: connect ECONNREFUSED 127.0.0.1:3000
    [90m    at createConnectionError (node:net:1678:14)[39m
    [90m    at afterConnectMultiple (node:net:1708:16)[39m {
      errno: [33m-4078[39m,
      code: [32m'ECONNREFUSED'[39m,
      syscall: [32m'connect'[39m,
      address: [32m'127.0.0.1'[39m,
      port: [33m3000[39m
    }
  ]
}

[90mstderr[2m | src/tests/auth-rbac-integration.test.ts[2m > [22m[2mAuthentication & RBAC Integration 
Tests[2m > [22m[2mPhase 1: User Authentication Flow[2m > [22m[2mshould reject login with invalid 
credentials
[22m[39mAggregateError: 
[90m    at internalConnectMultiple (node:net:1134:18)[39m
[90m    at afterConnectMultiple (node:net:1715:7)[39m {
  code: [32m'ECONNREFUSED'[39m,
  [errors]: [
    Error: connect ECONNREFUSED ::1:3000
    [90m    at createConnectionError (node:net:1678:14)[39m
    [90m    at afterConnectMultiple (node:net:1708:16)[39m {
      errno: [33m-4078[39m,
      code: [32m'ECONNREFUSED'[39m,
      syscall: [32m'connect'[39m,
      address: [32m'::1'[39m,
      port: [33m3000[39m
    },
    Error: connect ECONNREFUSED 127.0.0.1:3000
    [90m    at createConnectionError (node:net:1678:14)[39m
    [90m    at afterConnectMultiple (node:net:1708:16)[39m {
      errno: [33m-4078[39m,
      code: [32m'ECONNREFUSED'[39m,
      syscall: [32m'connect'[39m,
      address: [32m'127.0.0.1'[39m,
      port: [33m3000[39m
    }
  ]
}

[90mstderr[2m | testing/supabase-auth/integration/auth-api.test.ts[2m > [22m[2mSupabase Auth 
Integration Tests[2m > [22m[2mPOST /api/auth/signup[2m > [22m[2mshould reject signup with short 
password
[22m[39mAggregateError: 
[90m    at internalConnectMultiple (node:net:1134:18)[39m
[90m    at afterConnectMultiple (node:net:1715:7)[39m {
  code: [32m'ECONNREFUSED'[39m,
  [errors]: [
    Error: connect ECONNREFUSED ::1:3000
    [90m    at createConnectionError (node:net:1678:14)[39m
    [90m    at afterConnectMultiple (node:net:1708:16)[39m {
      errno: [33m-4078[39m,
      code: [32m'ECONNREFUSED'[39m,
      syscall: [32m'connect'[39m,
      address: [32m'::1'[39m,
      port: [33m3000[39m
    },
    Error: connect ECONNREFUSED 127.0.0.1:3000
    [90m    at createConnectionError (node:net:1678:14)[39m
    [90m    at afterConnectMultiple (node:net:1708:16)[39m {
      errno: [33m-4078[39m,
      code: [32m'ECONNREFUSED'[39m,
      syscall: [32m'connect'[39m,
      address: [32m'127.0.0.1'[39m,
      port: [33m3000[39m
    }
  ]
}

[90mstderr[2m | src/tests/auth-rbac-integration.test.ts[2m > [22m[2mAuthentication & RBAC Integration 
Tests[2m > [22m[2mPhase 1: User Authentication Flow[2m > [22m[2mshould reject login with invalid 
credentials
[22m[39mAggregateError: 
[90m    at internalConnectMultiple (node:net:1134:18)[39m
[90m    at afterConnectMultiple (node:net:1715:7)[39m {
  code: [32m'ECONNREFUSED'[39m,
  [errors]: [
    Error: connect ECONNREFUSED ::1:3000
    [90m    at createConnectionError (node:net:1678:14)[39m
    [90m    at afterConnectMultiple (node:net:1708:16)[39m {
      errno: [33m-4078[39m,
      code: [32m'ECONNREFUSED'[39m,
      syscall: [32m'connect'[39m,
      address: [32m'::1'[39m,
      port: [33m3000[39m
    },
    Error: connect ECONNREFUSED 127.0.0.1:3000
    [90m    at createConnectionError (node:net:1678:14)[39m
    [90m    at afterConnectMultiple (node:net:1708:16)[39m {
      errno: [33m-4078[39m,
      code: [32m'ECONNREFUSED'[39m,
      syscall: [32m'connect'[39m,
      address: [32m'127.0.0.1'[39m,
      port: [33m3000[39m
    }
  ]
}

[90mstderr[2m | testing/supabase-auth/integration/auth-api.test.ts[2m > [22m[2mSupabase Auth 
Integration Tests[2m > [22m[2mPOST /api/auth/signup[2m > [22m[2mshould reject signup with missing 
password
[22m[39mAggregateError: 
[90m    at internalConnectMultiple (node:net:1134:18)[39m
[90m    at afterConnectMultiple (node:net:1715:7)[39m {
  code: [32m'ECONNREFUSED'[39m,
  [errors]: [
    Error: connect ECONNREFUSED ::1:3000
    [90m    at createConnectionError (node:net:1678:14)[39m
    [90m    at afterConnectMultiple (node:net:1708:16)[39m {
      errno: [33m-4078[39m,
      code: [32m'ECONNREFUSED'[39m,
      syscall: [32m'connect'[39m,
      address: [32m'::1'[39m,
      port: [33m3000[39m
    },
    Error: connect ECONNREFUSED 127.0.0.1:3000
    [90m    at createConnectionError (node:net:1678:14)[39m
    [90m    at afterConnectMultiple (node:net:1708:16)[39m {
      errno: [33m-4078[39m,
      code: [32m'ECONNREFUSED'[39m,
      syscall: [32m'connect'[39m,
      address: [32m'127.0.0.1'[39m,
      port: [33m3000[39m
    }
  ]
}

[90mstderr[2m | src/tests/auth-rbac-integration.test.ts[2m > [22m[2mAuthentication & RBAC Integration 
Tests[2m > [22m[2mPhase 1: User Authentication Flow[2m > [22m[2mshould successfully logout
[22m[39mAggregateError: 
[90m    at internalConnectMultiple (node:net:1134:18)[39m
[90m    at afterConnectMultiple (node:net:1715:7)[39m {
  code: [32m'ECONNREFUSED'[39m,
  [errors]: [
    Error: connect ECONNREFUSED ::1:3000
    [90m    at createConnectionError (node:net:1678:14)[39m
    [90m    at afterConnectMultiple (node:net:1708:16)[39m {
      errno: [33m-4078[39m,
      code: [32m'ECONNREFUSED'[39m,
      syscall: [32m'connect'[39m,
      address: [32m'::1'[39m,
      port: [33m3000[39m
    },
    Error: connect ECONNREFUSED 127.0.0.1:3000
    [90m    at createConnectionError (node:net:1678:14)[39m
    [90m    at afterConnectMultiple (node:net:1708:16)[39m {
      errno: [33m-4078[39m,
      code: [32m'ECONNREFUSED'[39m,
      syscall: [32m'connect'[39m,
      address: [32m'127.0.0.1'[39m,
      port: [33m3000[39m
    }
  ]
}

[90mstderr[2m | testing/supabase-auth/integration/auth-api.test.ts[2m > [22m[2mSupabase Auth 
Integration Tests[2m > [22m[2mPOST /api/auth/signup[2m > [22m[2mshould reject signup with missing 
password
[22m[39mAggregateError: 
[90m    at internalConnectMultiple (node:net:1134:18)[39m
[90m    at afterConnectMultiple (node:net:1715:7)[39m {
  code: [32m'ECONNREFUSED'[39m,
  [errors]: [
    Error: connect ECONNREFUSED ::1:3000
    [90m    at createConnectionError (node:net:1678:14)[39m
    [90m    at afterConnectMultiple (node:net:1708:16)[39m {
[90mstdout[2m | src/tests/auth-rbac-integration.test.ts[2m > [22m[2mAuthentication & RBAC Integration Tests[2m > [22m[2mPhase 2: Session Validation & User Info[2m > [22m[2mshould retrieve current user info from session
[22m[39mSkipping: No admin session available

      errno: [33m-4078[39m,
      code: [32m'ECONNREFUSED'[39m,
      syscall: [32m'connect'[39m,
      address: [32m'::1'[39m,
      port: [33m3000[39m
    },
    Error: connect ECONNREFUSED 127.0.0.1:3000
    [90m    at createConnectionError (node:net:1678:14)[39m
    [90m    at afterConnectMultiple (node:net:1708:16)[39m {
      errno: [33m-4078[39m,
      code: [32m'ECONNREFUSED'[39m,
      syscall: [32m'connect'[39m,
      address: [32m'127.0.0.1'[39m,
      port: [33m3000[39m
    }
  ]
}

[90mstderr[2m | src/tests/auth-rbac-integration.test.ts[2m > [22m[2mAuthentication & RBAC Integration 
Tests[2m > [22m[2mPhase 1: User Authentication Flow[2m > [22m[2mshould successfully logout
[22m[39mAggregateError: 
[90m    at internalConnectMultiple (node:net:1134:18)[39m
[90m    at afterConnectMultiple (node:net:1715:7)[39m {
  code: [32m'ECONNREFUSED'[39m,
  [errors]: [
    Error: connect ECONNREFUSED ::1:3000
    [90m    at createConnectionError (node:net:1678:14)[39m
    [90m    at afterConnectMultiple (node:net:1708:16)[39m {
      errno: [33m-4078[39m,
      code: [32m'ECONNREFUSED'[39m,
      syscall: [32m'connect'[39m,
      address: [32m'::1'[39m,
      port: [33m3000[39m
    },
    Error: connect ECONNREFUSED 127.0.0.1:3000
    [90m    at createConnectionError (node:net:1678:14)[39m
    [90m    at afterConnectMultiple (node:net:1708:16)[39m {
      errno: [33m-4078[39m,
      code: [32m'ECONNREFUSED'[39m,
      syscall: [32m'connect'[39m,
      address: [32m'127.0.0.1'[39m,
      port: [33m3000[39m
    }
  ]
}

[90mstderr[2m | testing/supabase-auth/integration/auth-api.test.ts[2m > [22m[2mSupabase Auth 
Integration Tests[2m > [22m[2mPOST /api/auth/signup[2m > [22m[2mshould reject signup with missing 
email
[22m[39mAggregateError: 
[90m    at internalConnectMultiple (node:net:1134:18)[39m
[90m    at afterConnectMultiple (node:net:1715:7)[39m {
  code: [32m'ECONNREFUSED'[39m,
  [errors]: [
    Error: connect ECONNREFUSED ::1:3000
    [90m    at createConnectionError (node:net:1678:14)[39m
    [90m    at afterConnectMultiple (node:net:1708:16)[39m {
      errno: [33m-4078[39m,
      code: [32m'ECONNREFUSED'[39m,
      syscall: [32m'connect'[39m,
      address: [32m'::1'[39m,
      port: [33m3000[39m
    },
    Error: connect ECONNREFUSED 127.0.0.1:3000
    [90m    at createConnectionError (node:net:1678:14)[39m
    [90m    at afterConnectMultiple (node:net:1708:16)[39m {
      errno: [33m-4078[39m,
      code: [32m'ECONNREFUSED'[39m,
      syscall: [32m'connect'[39m,
      address: [32m'127.0.0.1'[39m,
      port: [33m3000[39m
    }
  ]
}

[90mstderr[2m | src/tests/auth-rbac-integration.test.ts[2m > [22m[2mAuthentication & RBAC Integration 
Tests[2m > [22m[2mPhase 1: User Authentication Flow[2m > [22m[2mshould re-login after logout
[22m[39mAggregateError: 
[90m    at internalConnectMultiple (node:net:1134:18)[39m
[90m    at afterConnectMultiple (node:net:1715:7)[39m {
  code: [32m'ECONNREFUSED'[39m,
  [errors]: [
    Error: connect ECONNREFUSED ::1:3000
    [90m    at createConnectionError (node:net:1678:14)[39m
    [90m    at afterConnectMultiple (node:net:1708:16)[39m {
      errno: [33m-4078[39m,
      code: [32m'ECONNREFUSED'[39m,
      syscall: [32m'connect'[39m,
      address: [32m'::1'[39m,
      port: [33m3000[39m
    },
    Error: connect ECONNREFUSED 127.0.0.1:3000
    [90m    at createConnectionError (node:net:1678:14)[39m
    [90m    at afterConnectMultiple (node:net:1708:16)[39m {
      errno: [33m-4078[39m,
      code: [32m'ECONNREFUSED'[39m,
      syscall: [32m'connect'[39m,
      address: [32m'127.0.0.1'[39m,
      port: [33m3000[39m
    }
  ]
}

[90mstderr[2m | testing/supabase-auth/integration/auth-api.test.ts[2m > [22m[2mSupabase Auth 
Integration Tests[2m > [22m[2mPOST /api/auth/signup[2m > [22m[2mshould reject signup with missing 
email
[22m[39mAggregateError: 
[90m    at internalConnectMultiple (node:net:1134:18)[39m
[90m    at afterConnectMultiple (node:net:1715:7)[39m {
  code: [32m'ECONNREFUSED'[39m,
  [errors]: [
    Error: connect ECONNREFUSED ::1:3000
    [90m    at createConnectionError (node:net:1678:14)[39m
    [90m    at afterConnectMultiple (node:net:1708:16)[39m {
      errno: [33m-4078[39m,
[90mstdout[2m | src/tests/auth-rbac-integration.test.ts[2m > [22m[2mAuthentication & RBAC Integration Tests[2m > [22m[2mPhase 2: Session Validation & User Info[2m > [22m[2mshould validate session cookie correctly
[22m[39mSkipping: No admin session available

[90mstdout[2m | src/tests/auth-rbac-integration.test.ts[2m > [22m[2mAuthentication & RBAC Integration Tests[2m > [22m[2mPhase 3: Casbin RBAC - Role Assignment
[22m[39mSetting up Casbin policies for organization: test-org-1762863247230

      code: [32m'ECONNREFUSED'[39m,
      syscall: [32m'connect'[39m,
      address: [32m'::1'[39m,
      port: [33m3000[39m
    },
    Error: connect ECONNREFUSED 127.0.0.1:3000
    [90m    at createConnectionError (node:net:1678:14)[39m
    [90m    at afterConnectMultiple (node:net:1708:16)[39m {
      errno: [33m-4078[39m,
      code: [32m'ECONNREFUSED'[39m,
      syscall: [32m'connect'[39m,
      address: [32m'127.0.0.1'[39m,
      port: [33m3000[39m
    }
  ]
}

[90mstderr[2m | testing/supabase-auth/integration/auth-api.test.ts[2m > [22m[2mSupabase Auth 
Integration Tests[2m > [22m[2mPOST /api/auth/signup[2m > [22m[2mshould reject duplicate email signup
[22m[39mAggregateError: 
[90m    at internalConnectMultiple (node:net:1134:18)[39m
[90m    at afterConnectMultiple (node:net:1715:7)[39m {
  code: [32m'ECONNREFUSED'[39m,
  [errors]: [
    Error: connect ECONNREFUSED ::1:3000
    [90m    at createConnectionError (node:net:1678:14)[39m
    [90m    at afterConnectMultiple (node:net:1708:16)[39m {
      errno: [33m-4078[39m,
      code: [32m'ECONNREFUSED'[39m,
      syscall: [32m'connect'[39m,
      address: [32m'::1'[39m,
      port: [33m3000[39m
    },
    Error: connect ECONNREFUSED 127.0.0.1:3000
    [90m    at createConnectionError (node:net:1678:14)[39m
    [90m    at afterConnectMultiple (node:net:1708:16)[39m {
      errno: [33m-4078[39m,
      code: [32m'ECONNREFUSED'[39m,
      syscall: [32m'connect'[39m,
      address: [32m'127.0.0.1'[39m,
      port: [33m3000[39m
    }
  ]
}

[90mstderr[2m | src/tests/auth-rbac-integration.test.ts[2m > [22m[2mAuthentication & RBAC Integration 
Tests[2m > [22m[2mPhase 2: Session Validation & User Info[2m > [22m[2mshould reject /api/auth/me 
without session
[22m[39mAggregateError: 
[90m    at internalConnectMultiple (node:net:1134:18)[39m
[90m    at afterConnectMultiple (node:net:1715:7)[39m {
  code: [32m'ECONNREFUSED'[39m,
  [errors]: [
    Error: connect ECONNREFUSED ::1:3000
    [90m    at createConnectionError (node:net:1678:14)[39m
    [90m    at afterConnectMultiple (node:net:1708:16)[39m {
      errno: [33m-4078[39m,
      code: [32m'ECONNREFUSED'[39m,
      syscall: [32m'connect'[39m,
      address: [32m'::1'[39m,
      port: [33m3000[39m
    },
    Error: connect ECONNREFUSED 127.0.0.1:3000
    [90m    at createConnectionError (node:net:1678:14)[39m
    [90m    at afterConnectMultiple (node:net:1708:16)[39m {
      errno: [33m-4078[39m,
      code: [32m'ECONNREFUSED'[39m,
      syscall: [32m'connect'[39m,
      address: [32m'127.0.0.1'[39m,
      port: [33m3000[39m
    }
  ]
}

[90mstderr[2m | testing/supabase-auth/integration/auth-api.test.ts[2m > [22m[2mSupabase Auth 
Integration Tests[2m > [22m[2mPOST /api/auth/signup[2m > [22m[2mshould reject duplicate email signup
[22m[39mAggregateError: 
[90m    at internalConnectMultiple (node:net:1134:18)[39m
[90m    at afterConnectMultiple (node:net:1715:7)[39m {
  code: [32m'ECONNREFUSED'[39m,
  [errors]: [
    Error: connect ECONNREFUSED ::1:3000
    [90m    at createConnectionError (node:net:1678:14)[39m
    [90m    at afterConnectMultiple (node:net:1708:16)[39m {
      errno: [33m-4078[39m,
      code: [32m'ECONNREFUSED'[39m,
      syscall: [32m'connect'[39m,
      address: [32m'::1'[39m,
      port: [33m3000[39m
    },
    Error: connect ECONNREFUSED 127.0.0.1:3000
    [90m    at createConnectionError (node:net:1678:14)[39m
    [90m    at afterConnectMultiple (node:net:1708:16)[39m {
      errno: [33m-4078[39m,
      code: [32m'ECONNREFUSED'[39m,
      syscall: [32m'connect'[39m,
      address: [32m'127.0.0.1'[39m,
      port: [33m3000[39m
    }
  ]
}

[90mstderr[2m | src/tests/auth-rbac-integration.test.ts[2m > [22m[2mAuthentication & RBAC Integration 
Tests[2m > [22m[2mPhase 2: Session Validation & User Info[2m > [22m[2mshould reject /api/auth/me 
without session
[22m[39mAggregateError: 
[90m    at internalConnectMultiple (node:net:1134:18)[39m
[90m    at afterConnectMultiple (node:net:1715:7)[39m {
  code: [32m'ECONNREFUSED'[39m,
  [errors]: [
    Error: connect ECONNREFUSED ::1:3000
    [90m    at createConnectionError (node:net:1678:14)[39m
    [90m    at afterConnectMultiple (node:net:1708:16)[39m {
      errno: [33m-4078[39m,
      code: [32m'ECONNREFUSED'[39m,
      syscall: [32m'connect'[39m,
      address: [32m'::1'[39m,
      port: [33m3000[39m
    },
    Error: connect ECONNREFUSED 127.0.0.1:3000
    [90m    at createConnectionError (node:net:1678:14)[39m
    [90m    at afterConnectMultiple (node:net:1708:16)[39m {
      errno: [33m-4078[39m,
      code: [32m'ECONNREFUSED'[39m,
      syscall: [32m'connect'[39m,
      address: [32m'127.0.0.1'[39m,
      port: [33m3000[39m
    }
  ]
}

[90mstderr[2m | testing/supabase-auth/integration/auth-api.test.ts[2m > [22m[2mSupabase Auth 
Integration Tests[2m > [22m[2mPOST /api/auth/signup[2m > [22m[2mshould handle special characters in 
email
[22m[39mAggregateError: 
[90m    at internalConnectMultiple (node:net:1134:18)[39m
[90m    at afterConnectMultiple (node:net:1715:7)[39m {
  code: [32m'ECONNREFUSED'[39m,
  [errors]: [
    Error: connect ECONNREFUSED ::1:3000
    [90m    at createConnectionError (node:net:1678:14)[39m
    [90m    at afterConnectMultiple (node:net:1708:16)[39m {
      errno: [33m-4078[39m,
      code: [32m'ECONNREFUSED'[39m,
      syscall: [32m'connect'[39m,
      address: [32m'::1'[39m,
      port: [33m3000[39m
    },
    Error: connect ECONNREFUSED 127.0.0.1:3000
    [90m    at createConnectionError (node:net:1678:14)[39m
    [90m    at afterConnectMultiple (node:net:1708:16)[39m {
      errno: [33m-4078[39m,
      code: [32m'ECONNREFUSED'[39m,
      syscall: [32m'connect'[39m,
      address: [32m'127.0.0.1'[39m,
      port: [33m3000[39m
    }
  ]
}

[90mstderr[2m | testing/supabase-auth/integration/auth-api.test.ts[2m > [22m[2mSupabase Auth 
Integration Tests[2m > [22m[2mPOST /api/auth/signup[2m > [22m[2mshould handle special characters in 
email
[22m[39mAggregateError: 
[90m    at internalConnectMultiple (node:net:1134:18)[39m
[90m    at afterConnectMultiple (node:net:1715:7)[39m {
  code: [32m'ECONNREFUSED'[39m,
  [errors]: [
    Error: connect ECONNREFUSED ::1:3000
    [90m    at createConnectionError (node:net:1678:14)[39m
    [90m    at afterConnectMultiple (node:net:1708:16)[39m {
      errno: [33m-4078[39m,
      code: [32m'ECONNREFUSED'[39m,
      syscall: [32m'connect'[39m,
      address: [32m'::1'[39m,
      port: [33m3000[39m
    },
    Error: connect ECONNREFUSED 127.0.0.1:3000
    [90m    at createConnectionError (node:net:1678:14)[39m
[90mstdout[2m | src/tests/auth-rbac-integration.test.ts[2m > [22m[2mAuthentication & RBAC Integration Tests[2m > [22m[2mPhase 3: Casbin RBAC - Role Assignment[2m > [22m[2mshould assign sales_manager role to test user
[22m[39mSkipping: No admin session available

 [31m├ù[39m testing/supabase-auth/integration/auth-api.test.ts[2m > [22mSupabase Auth Integration Tests[2m > [22mPOST /api/auth/signup[2m > [22mshould successfully register a new user[32m 60[2mms[22m[39m
[31m   ΓåÆ Failed to execute "fetch()" on "Window" with URL "http://localhost:3000/api/auth/signup": [39m
 [31m├ù[39m testing/supabase-auth/integration/auth-api.test.ts[2m > [22mSupabase Auth Integration Tests[2m > [22mPOST /api/auth/signup[2m > [22mshould reject signup with invalid email[32m 8[2mms[22m[39m
[31m   ΓåÆ Failed to execute "fetch()" on "Window" with URL "http://localhost:3000/api/auth/signup": [39m
 [31m├ù[39m testing/supabase-auth/integration/auth-api.test.ts[2m > [22mSupabase Auth Integration Tests[2m > [22mPOST /api/auth/signup[2m > [22mshould reject signup with short password[32m 6[2mms[22m[39m
[31m   ΓåÆ Failed to execute "fetch()" on "Window" with URL "http://localhost:3000/api/auth/signup": [39m
 [31m├ù[39m testing/supabase-auth/integration/auth-api.test.ts[2m > [22mSupabase Auth Integration Tests[2m > [22mPOST /api/auth/signup[2m > [22mshould reject signup with missing password[32m 6[2mms[22m[39m
[31m   ΓåÆ Failed to execute "fetch()" on "Window" with URL "http://localhost:3000/api/auth/signup": [39m
 [31m├ù[39m testing/supabase-auth/integration/auth-api.test.ts[2m > [22mSupabase Auth Integration Tests[2m > [22mPOST /api/auth/signup[2m > [22mshould reject signup with missing email[32m 5[2mms[22m[39m
[31m   ΓåÆ Failed to execute "fetch()" on "Window" with URL "http://localhost:3000/api/auth/signup": [39m
 [31m├ù[39m testing/supabase-auth/integration/auth-api.test.ts[2m > [22mSupabase Auth Integration Tests[2m > [22mPOST /api/auth/signup[2m > [22mshould reject duplicate email signup[32m 5[2mms[22m[39m
[31m   ΓåÆ Failed to execute "fetch()" on "Window" with URL "http://localhost:3000/api/auth/signup": [39m
 [31m├ù[39m testing/supabase-auth/integration/auth-api.test.ts[2m > [22mSupabase Auth Integration Tests[2m > [22mPOST /api/auth/signup[2m > [22mshould handle special characters in email[32m 7[2mms[22m[39m
[31m   ΓåÆ Failed to execute "fetch()" on "Window" with URL "http://localhost:3000/api/auth/signup": [39m
[90mstdout[2m | src/tests/auth-rbac-integration.test.ts[2m > [22m[2mAuthentication & RBAC Integration Tests[2m > [22m[2mPhase 3: Casbin RBAC - Role Assignment[2m > [22m[2mshould retrieve user roles via API
[22m[39mSkipping: No admin session available

[90mstdout[2m | src/tests/auth-rbac-integration.test.ts[2m > [22m[2mAuthentication & RBAC Integration Tests[2m > [22m[2mPhase 4: Permission Checks[2m > [22m[2mshould allow admin to access all resources
[22m[39mSkipping: No admin session available

[90mstdout[2m | src/tests/auth-rbac-integration.test.ts[2m > [22m[2mAuthentication & RBAC Integration Tests[2m > [22m[2mPhase 4: Permission Checks[2m > [22m[2mshould check permissions via permissions API
[22m[39mSkipping: No admin session available

[90mstdout[2m | src/tests/auth-rbac-integration.test.ts[2m > [22m[2mAuthentication & RBAC Integration Tests[2m > [22m[2mPhase 5: User Management with RBAC[2m > [22m[2mshould list all users (admin only)
[22m[39mSkipping: No admin session available

    [90m    at afterConnectMultiple (node:net:1708:16)[39m {
      errno: [33m-4078[39m,
      code: [32m'ECONNREFUSED'[39m,
      syscall: [32m'connect'[39m,
      address: [32m'127.0.0.1'[39m,
      port: [33m3000[39m
    }
  ]
}

[90mstderr[2m | testing/supabase-auth/integration/auth-api.test.ts[2m > [22m[2mSupabase Auth 
Integration Tests[2m > [22m[2mPOST /api/auth/signup[2m > [22m[2mshould handle very long email
[22m[39mAggregateError: 
[90m    at internalConnectMultiple (node:net:1134:18)[39m
[90m    at afterConnectMultiple (node:net:1715:7)[39m {
  code: [32m'ECONNREFUSED'[39m,
  [errors]: [
    Error: connect ECONNREFUSED ::1:3000
    [90m    at createConnectionError (node:net:1678:14)[39m
    [90m    at afterConnectMultiple (node:net:1708:16)[39m {
      errno: [33m-4078[39m,
      code: [32m'ECONNREFUSED'[39m,
      syscall: [32m'connect'[39m,
      address: [32m'::1'[39m,
      port: [33m3000[39m
    },
    Error: connect ECONNREFUSED 127.0.0.1:3000
    [90m    at createConnectionError (node:net:1678:14)[39m
    [90m    at afterConnectMultiple (node:net:1708:16)[39m {
      errno: [33m-4078[39m,
      code: [32m'ECONNREFUSED'[39m,
      syscall: [32m'connect'[39m,
      address: [32m'127.0.0.1'[39m,
      port: [33m3000[39m
    }
  ]
}

[90mstderr[2m | testing/supabase-auth/integration/auth-api.test.ts[2m > [22m[2mSupabase Auth 
Integration Tests[2m > [22m[2mPOST /api/auth/signup[2m > [22m[2mshould handle very long email
[22m[39mAggregateError: 
[90m    at internalConnectMultiple (node:net:1134:18)[39m
[90m    at afterConnectMultiple (node:net:1715:7)[39m {
  code: [32m'ECONNREFUSED'[39m,
  [errors]: [
    Error: connect ECONNREFUSED ::1:3000
    [90m    at createConnectionError (node:net:1678:14)[39m
    [90m    at afterConnectMultiple (node:net:1708:16)[39m {
      errno: [33m-4078[39m,
      code: [32m'ECONNREFUSED'[39m,
      syscall: [32m'connect'[39m,
      address: [32m'::1'[39m,
      port: [33m3000[39m
    },
    Error: connect ECONNREFUSED 127.0.0.1:3000
    [90m    at createConnectionError (node:net:1678:14)[39m
    [90m    at afterConnectMultiple (node:net:1708:16)[39m {
      errno: [33m-4078[39m,
      code: [32m'ECONNREFUSED'[39m,
      syscall: [32m'connect'[39m,
      address: [32m'127.0.0.1'[39m,
      port: [33m3000[39m
    }
  ]
}

[90mstderr[2m | testing/supabase-auth/integration/auth-api.test.ts[2m > [22m[2mSupabase Auth 
Integration Tests[2m > [22m[2mPOST /api/auth/signup[2m > [22m[2mshould handle empty request body
[22m[39mAggregateError: 
[90m    at internalConnectMultiple (node:net:1134:18)[39m
[90m    at afterConnectMultiple (node:net:1715:7)[39m {
  code: [32m'ECONNREFUSED'[39m,
  [errors]: [
    Error: connect ECONNREFUSED ::1:3000
    [90m    at createConnectionError (node:net:1678:14)[39m
    [90m    at afterConnectMultiple (node:net:1708:16)[39m {
      errno: [33m-4078[39m,
      code: [32m'ECONNREFUSED'[39m,
      syscall: [32m'connect'[39m,
      address: [32m'::1'[39m,
      port: [33m3000[39m
    },
    Error: connect ECONNREFUSED 127.0.0.1:3000
    [90m    at createConnectionError (node:net:1678:14)[39m
    [90m    at afterConnectMultiple (node:net:1708:16)[39m {
      errno: [33m-4078[39m,
      code: [32m'ECONNREFUSED'[39m,
      syscall: [32m'connect'[39m,
      address: [32m'127.0.0.1'[39m,
      port: [33m3000[39m
    }
  ]
[90mstdout[2m | src/tests/auth-rbac-integration.test.ts[2m > [22m[2mAuthentication & RBAC Integration Tests[2m > [22m[2mPhase 5: User Management with RBAC[2m > [22m[2mshould create new user (admin only)
[22m[39mSkipping: No admin session available

 [31m├ù[39m src/tests/auth-rbac-integration.test.ts[2m > [22mAuthentication & RBAC Integration Tests[2m > [22mPhase 1: User Authentication Flow[2m > [22mshould successfully login admin user[32m 60[2mms[22m[39m
[31m   ΓåÆ Failed to execute "fetch()" on "Window" with URL "http://localhost:3000/api/auth/login": [39m
 [31m├ù[39m src/tests/auth-rbac-integration.test.ts[2m > [22mAuthentication & RBAC Integration Tests[2m > [22mPhase 1: User Authentication Flow[2m > [22mshould create session cookie with proper attributes[32m 8[2mms[22m[39m
[31m   ΓåÆ Failed to execute "fetch()" on "Window" with URL "http://localhost:3000/api/auth/login": [39m
 [31m├ù[39m src/tests/auth-rbac-integration.test.ts[2m > [22mAuthentication & RBAC Integration Tests[2m > [22mPhase 1: User Authentication Flow[2m > [22mshould reject login with invalid credentials[32m 6[2mms[22m[39m
[31m   ΓåÆ Failed to execute "fetch()" on "Window" with URL "http://localhost:3000/api/auth/login": [39m
 [31m├ù[39m src/tests/auth-rbac-integration.test.ts[2m > [22mAuthentication & RBAC Integration Tests[2m > [22mPhase 1: User Authentication Flow[2m > [22mshould successfully logout[32m 6[2mms[22m[39m
[31m   ΓåÆ Failed to execute "fetch()" on "Window" with URL "http://localhost:3000/api/auth/logout": [39m
 [31m├ù[39m src/tests/auth-rbac-integration.test.ts[2m > [22mAuthentication & RBAC Integration Tests[2m > [22mPhase 1: User Authentication Flow[2m > [22mshould re-login after logout[32m 4[2mms[22m[39m
[31m   ΓåÆ Failed to execute "fetch()" on "Window" with URL "http://localhost:3000/api/auth/login": [39m
 [32mΓ£ô[39m src/tests/auth-rbac-integration.test.ts[2m > [22mAuthentication & RBAC Integration Tests[2m > [22mPhase 2: Session Validation & User Info[2m > [22mshould retrieve current user info from session[32m 1[2mms[22m[39m
 [31m├ù[39m src/tests/auth-rbac-integration.test.ts[2m > [22mAuthentication & RBAC Integration Tests[2m > [22mPhase 2: Session Validation & User Info[2m > [22mshould reject /api/auth/me without session[32m 4[2mms[22m[39m
[31m   ΓåÆ Failed to execute "fetch()" on "Window" with URL "http://localhost:3000/api/auth/me": [39m
 [32mΓ£ô[39m src/tests/auth-rbac-integration.test.ts[2m > [22mAuthentication & RBAC Integration Tests[2m > [22mPhase 2: Session Validation & User Info[2m > [22mshould validate session cookie correctly[32m 1[2mms[22m[39m
 [32mΓ£ô[39m src/tests/auth-rbac-integration.test.ts[2m > [22mAuthentication & RBAC Integration Tests[2m > [22mPhase 3: Casbin RBAC - Role Assignment[2m > [22mshould seed default Casbin policies for organization[32m 2[2mms[22m[39m
 [32mΓ£ô[39m src/tests/auth-rbac-integration.test.ts[2m > [22mAuthentication & RBAC Integration Tests[2m > [22mPhase 3: Casbin RBAC - Role Assignment[2m > [22mshould assign sales_manager role to test user[32m 1[2mms[22m[39m
 [32mΓ£ô[39m src/tests/auth-rbac-integration.test.ts[2m > [22mAuthentication & RBAC Integration Tests[2m > [22mPhase 3: Casbin RBAC - Role Assignment[2m > [22mshould retrieve user roles via API[32m 1[2mms[22m[39m
 [32mΓ£ô[39m src/tests/auth-rbac-integration.test.ts[2m > [22mAuthentication & RBAC Integration Tests[2m > [22mPhase 4: Permission Checks[2m > [22mshould allow admin to access all resources[32m 0[2mms[22m[39m
 [32mΓ£ô[39m src/tests/auth-rbac-integration.test.ts[2m > [22mAuthentication & RBAC Integration Tests[2m > [22mPhase 4: Permission Checks[2m > [22mshould check permissions via permissions API[32m 0[2mms[22m[39m
 [32mΓ£ô[39m src/tests/auth-rbac-integration.test.ts[2m > [22mAuthentication & RBAC Integration Tests[2m > [22mPhase 5: User Management with RBAC[2m > [22mshould list all users (admin only)[32m 0[2mms[22m[39m
 [32mΓ£ô[39m src/tests/auth-rbac-integration.test.ts[2m > [22mAuthentication & RBAC Integration Tests[2m > [22mPhase 5: User Management with RBAC[2m > [22mshould create new user (admin only)[32m 1[2mms[22m[39m
}

[90mstderr[2m | testing/supabase-auth/integration/auth-api.test.ts[2m > [22m[2mSupabase Auth 
Integration Tests[2m > [22m[2mPOST /api/auth/signup[2m > [22m[2mshould handle empty request body
[22m[39mAggregateError: 
[90m    at internalConnectMultiple (node:net:1134:18)[39m
[90m    at afterConnectMultiple (node:net:1715:7)[39m {
  code: [32m'ECONNREFUSED'[39m,
  [errors]: [
    Error: connect ECONNREFUSED ::1:3000
    [90m    at createConnectionError (node:net:1678:14)[39m
    [90m    at afterConnectMultiple (node:net:1708:16)[39m {
      errno: [33m-4078[39m,
      code: [32m'ECONNREFUSED'[39m,
      syscall: [32m'connect'[39m,
      address: [32m'::1'[39m,
      port: [33m3000[39m
    },
    Error: connect ECONNREFUSED 127.0.0.1:3000
    [90m    at createConnectionError (node:net:1678:14)[39m
    [90m    at afterConnectMultiple (node:net:1708:16)[39m {
      errno: [33m-4078[39m,
      code: [32m'ECONNREFUSED'[39m,
      syscall: [32m'connect'[39m,
      address: [32m'127.0.0.1'[39m,
      port: [33m3000[39m
    }
  ]
}

[90mstderr[2m | testing/supabase-auth/integration/auth-api.test.ts[2m > [22m[2mSupabase Auth 
Integration Tests[2m > [22m[2mPOST /api/auth/signup[2m > [22m[2mshould handle malformed JSON
[22m[39mAggregateError: 
[90m    at internalConnectMultiple (node:net:1134:18)[39m
[90m    at afterConnectMultiple (node:net:1715:7)[39m {
  code: [32m'ECONNREFUSED'[39m,
  [errors]: [
    Error: connect ECONNREFUSED ::1:3000
    [90m    at createConnectionError (node:net:1678:14)[39m
    [90m    at afterConnectMultiple (node:net:1708:16)[39m {
      errno: [33m-4078[39m,
      code: [32m'ECONNREFUSED'[39m,
      syscall: [32m'connect'[39m,
      address: [32m'::1'[39m,
      port: [33m3000[39m
    },
    Error: connect ECONNREFUSED 127.0.0.1:3000
    [90m    at createConnectionError (node:net:1678:14)[39m
    [90m    at afterConnectMultiple (node:net:1708:16)[39m {
      errno: [33m-4078[39m,
      code: [32m'ECONNREFUSED'[39m,
      syscall: [32m'connect'[39m,
      address: [32m'127.0.0.1'[39m,
      port: [33m3000[39m
    }
  ]
}

[90mstderr[2m | testing/supabase-auth/integration/auth-api.test.ts[2m > [22m[2mSupabase Auth 
Integration Tests[2m > [22m[2mPOST /api/auth/signup[2m > [22m[2mshould handle malformed JSON
[22m[39mAggregateError: 
[90m    at internalConnectMultiple (node:net:1134:18)[39m
[90m    at afterConnectMultiple (node:net:1715:7)[39m {
  code: [32m'ECONNREFUSED'[39m,
  [errors]: [
    Error: connect ECONNREFUSED ::1:3000
    [90m    at createConnectionError (node:net:1678:14)[39m
    [90m    at afterConnectMultiple (node:net:1708:16)[39m {
      errno: [33m-4078[39m,
      code: [32m'ECONNREFUSED'[39m,
      syscall: [32m'connect'[39m,
      address: [32m'::1'[39m,
      port: [33m3000[39m
    },
    Error: connect ECONNREFUSED 127.0.0.1:3000
    [90m    at createConnectionError (node:net:1678:14)[39m
    [90m    at afterConnectMultiple (node:net:1708:16)[39m {
      errno: [33m-4078[39m,
      code: [32m'ECONNREFUSED'[39m,
      syscall: [32m'connect'[39m,
      address: [32m'127.0.0.1'[39m,
      port: [33m3000[39m
    }
  ]
}

[90mstderr[2m | testing/supabase-auth/integration/auth-api.test.ts[2m > [22m[2mSupabase Auth 
Integration Tests[2m > [22m[2mPOST /api/auth/signup[2m > [22m[2mshould support optional metadata 
fields
[22m[39mAggregateError: 
[90m    at internalConnectMultiple (node:net:1134:18)[39m
[90m    at afterConnectMultiple (node:net:1715:7)[39m {
  code: [32m'ECONNREFUSED'[39m,
  [errors]: [
    Error: connect ECONNREFUSED ::1:3000
    [90m    at createConnectionError (node:net:1678:14)[39m
    [90m    at afterConnectMultiple (node:net:1708:16)[39m {
      errno: [33m-4078[39m,
      code: [32m'ECONNREFUSED'[39m,
      syscall: [32m'connect'[39m,
      address: [32m'::1'[39m,
      port: [33m3000[39m
    },
    Error: connect ECONNREFUSED 127.0.0.1:3000
    [90m    at createConnectionError (node:net:1678:14)[39m
    [90m    at afterConnectMultiple (node:net:1708:16)[39m {
      errno: [33m-4078[39m,
[90mstdout[2m | src/tests/auth-rbac-integration.test.ts[2m > [22m[2mAuthentication & RBAC Integration Tests[2m > [22m[2mPhase 6: Multi-tenant Isolation[2m > [22m[2mshould isolate permissions by organization
[22m[39mSkipping: No admin session available
      code: [32m'ECONNREFUSED'[39m,
      syscall: [32m'connect'[39m,
      address: [32m'127.0.0.1'[39m,
      port: [33m3000[39m
    }
  ]
}

[90mstderr[2m | src/tests/auth-rbac-integration.test.ts[2m > [22m[2mAuthentication & RBAC Integration 
Tests[2m > [22m[2mPhase 5: User Management with RBAC[2m > [22m[2mshould prevent non-admin from 
creating users
[22m[39mAggregateError: 
[90m    at internalConnectMultiple (node:net:1134:18)[39m
[90m    at afterConnectMultiple (node:net:1715:7)[39m {
  code: [32m'ECONNREFUSED'[39m,
  [errors]: [
    Error: connect ECONNREFUSED ::1:3000
    [90m    at createConnectionError (node:net:1678:14)[39m
    [90m    at afterConnectMultiple (node:net:1708:16)[39m {
      errno: [33m-4078[39m,
      code: [32m'ECONNREFUSED'[39m,
      syscall: [32m'connect'[39m,
      address: [32m'::1'[39m,
      port: [33m3000[39m
    },
    Error: connect ECONNREFUSED 127.0.0.1:3000
    [90m    at createConnectionError (node:net:1678:14)[39m
    [90m    at afterConnectMultiple (node:net:1708:16)[39m {
      errno: [33m-4078[39m,
      code: [32m'ECONNREFUSED'[39m,
      syscall: [32m'connect'[39m,
      address: [32m'127.0.0.1'[39m,
      port: [33m3000[39m
    }
  ]
}

[90mstderr[2m | testing/supabase-auth/integration/auth-api.test.ts[2m > [22m[2mSupabase Auth 
Integration Tests[2m > [22m[2mPOST /api/auth/signup[2m > [22m[2mshould support optional metadata 
fields
[22m[39mAggregateError: 

 [32mΓ£ô[39m src/tests/validation.test.ts[2m > [22mValidation Library[2m > [22msanitizeString[2m > [22mshould remove null bytes[32m 4[2mms[22m[39m
 [32mΓ£ô[39m src/tests/validation.test.ts[2m > [22mValidation Library[2m > [22msanitizeString[2m > [22mshould remove control characters[32m 1[2mms[22m[39m
 [32mΓ£ô[39m src/tests/validation.test.ts[2m > [22mValidation Library[2m > [22msanitizeString[2m > [22mshould remove script tags[32m 1[2mms[22m[39m
 [32mΓ£ô[39m src/tests/validation.test.ts[2m > [22mValidation Library[2m > [22msanitizeString[2m > [22mshould remove iframe tags[32m 1[2mms[22m[39m
 [32mΓ£ô[39m src/tests/validation.test.ts[2m > [22mValidation Library[2m > [22msanitizeString[2m > [22mshould trim whitespace[32m 0[2mms[22m[39m
 [32mΓ£ô[39m src/tests/validation.test.ts[2m > [22mValidation Library[2m > [22msanitizeHTML[2m > [22mshould allow safe tags[32m 1[2mms[22m[39m
 [32mΓ£ô[39m src/tests/validation.test.ts[2m > [22mValidation Library[2m > [22msanitizeHTML[2m > [22mshould remove dangerous tags[32m 1[2mms[22m[39m
 [32mΓ£ô[39m src/tests/validation.test.ts[2m > [22mValidation Library[2m > [22msanitizeHTML[2m > [22mshould respect custom allowed tags[32m 1[2mms[22m[39m
 [32mΓ£ô[39m src/tests/validation.test.ts[2m > [22mValidation Library[2m > [22msanitizeSQL[2m > [22mshould escape single quotes[32m 0[2mms[22m[39m
 [32mΓ£ô[39m src/tests/validation.test.ts[2m > [22mValidation Library[2m > [22msanitizeSQL[2m > [22mshould remove semicolons[32m 0[2mms[22m[39m
 [32mΓ£ô[39m src/tests/validation.test.ts[2m > [22mValidation Library[2m > [22msanitizeSQL[2m > [22mshould remove SQL comments[32m 0[2mms[22m[39m
 [32mΓ£ô[39m src/tests/validation.test.ts[2m > [22mValidation Library[2m > [22msanitizeFileName[2m > [22mshould remove path traversal attempts[32m 0[2mms[22m[39m
 [32mΓ£ô[39m src/tests/validation.test.ts[2m > [22mValidation Library[2m > [22msanitizeFileName[2m > [22mshould replace special characters with underscores[32m 0[2mms[22m[39m
 [32mΓ£ô[39m src/tests/validation.test.ts[2m > [22mValidation Library[2m > [22msanitizeFileName[2m > [22mshould preserve valid characters[32m 0[2mms[22m[39m
 [32mΓ£ô[39m src/tests/validation.test.ts[2m > [22mValidation Library[2m > [22msanitizeJSON[2m > [22mshould parse valid JSON[32m 1[2mms[22m[39m
 [32mΓ£ô[39m src/tests/validation.test.ts[2m > [22mValidation Library[2m > [22msanitizeJSON[2m > [22mshould remove __proto__ to prevent prototype pollution[32m 1[2mms[22m[39m
 [32mΓ£ô[39m src/tests/validation.test.ts[2m > [22mValidation Library[2m > [22msanitizeJSON[2m > [22mshould return null for invalid JSON[32m 0[2mms[22m[39m
 [32mΓ£ô[39m src/tests/validation.test.ts[2m > [22mValidation Library[2m > [22memailSchema[2m > [22mshould validate correct email[32m 3[2mms[22m[39m
 [31m├ù[39m src/tests/validation.test.ts[2m > [22mValidation Library[2m > [22memailSchema[2m > [22mshould lowercase and trim email[32m 14[2mms[22m[39m
[31m   ΓåÆ expected false to be true // Object.is equality[39m
 [32mΓ£ô[39m src/tests/validation.test.ts[2m > [22mValidation Library[2m > [22memailSchema[2m > [22mshould reject invalid email[32m 3[2mms[22m[39m
 [32mΓ£ô[39m src/tests/validation.test.ts[2m > [22mValidation Library[2m > [22memailSchema[2m > [22mshould reject empty email[32m 0[2mms[22m[39m
 [32mΓ£ô[39m src/tests/validation.test.ts[2m > [22mValidation Library[2m > [22mphoneSchema[2m > [22mshould validate international phone number[32m 1[2mms[22m[39m
 [32mΓ£ô[39m src/tests/validation.test.ts[2m > [22mValidation Library[2m > [22mphoneSchema[2m > [22mshould allow optional phone[32m 0[2mms[22m[39m
 [31m├ù[39m src/tests/validation.test.ts[2m > [22mValidation Library[2m > [22mphoneSchema[2m > [22mshould reject invalid phone[32m 1[2mms[22m[39m
[31m   ΓåÆ expected true to be false // Object.is equality[39m
 [32mΓ£ô[39m src/tests/validation.test.ts[2m > [22mValidation Library[2m > [22muuidSchema[2m > [22mshould validate valid UUID[32m 1[2mms[22m[39m
 [32mΓ£ô[39m src/tests/validation.test.ts[2m > [22mValidation Library[2m > [22muuidSchema[2m > [22mshould reject invalid UUID[32m 0[2mms[22m[39m
 [32mΓ£ô[39m src/tests/validation.test.ts[2m > [22mValidation Library[2m > [22mslugSchema[2m > [22mshould validate valid slug[32m 0[2mms[22m[39m
 [31m├ù[39m src/tests/validation.test.ts[2m > [22mValidation Library[2m > [22mslugSchema[2m > [22mshould lowercase slug[32m 1[2mms[22m[39m
[31m   ΓåÆ expected false to be true // Object.is equality[39m
 [32mΓ£ô[39m src/tests/validation.test.ts[2m > [22mValidation Library[2m > [22mslugSchema[2m > [22mshould reject slug with spaces[32m 0[2mms[22m[39m
 [32mΓ£ô[39m src/tests/validation.test.ts[2m > [22mValidation Library[2m > [22mslugSchema[2m > [22mshould reject slug with special characters[32m 0[2mms[22m[39m
 [32mΓ£ô[39m src/tests/validation.test.ts[2m > [22mValidation Library[2m > [22mnameSchema[2m > [22mshould validate valid name[32m 1[2mms[22m[39m
 [32mΓ£ô[39m src/tests/validation.test.ts[2m > [22mValidation Library[2m > [22mnameSchema[2m > [22mshould allow hyphens and apostrophes[32m 1[2mms[22m[39m
 [32mΓ£ô[39m src/tests/validation.test.ts[2m > [22mValidation Library[2m > [22mnameSchema[2m > [22mshould reject names with dangerous characters[32m 0[2mms[22m[39m
 [32mΓ£ô[39m src/tests/validation.test.ts[2m > [22mValidation Library[2m > [22mvendorSchema[2m > [22mshould validate complete vendor object[32m 2[2mms[22m[39m
 [32mΓ£ô[39m src/tests/validation.test.ts[2m > [22mValidation Library[2m > [22mvendorSchema[2m > [22mshould validate minimal vendor object[32m 1[2mms[22m[39m
 [32mΓ£ô[39m src/tests/validation.test.ts[2m > [22mValidation Library[2m > [22mvendorSchema[2m > [22mshould reject vendor with invalid code[32m 1[2mms[22m[39m
 [32mΓ£ô[39m src/tests/validation.test.ts[2m > [22mValidation Library[2m > [22mvendorSchema[2m > [22mshould reject vendor with invalid status[32m 2[2mms[22m[39m
 [32mΓ£ô[39m src/tests/validation.test.ts[2m > [22mValidation Library[2m > [22mproductSchema[2m > [22mshould validate complete product object[32m 2[2mms[22m[39m
 [32mΓ£ô[39m src/tests/validation.test.ts[2m > [22mValidation Library[2m > [22mproductSchema[2m > [22mshould reject product with invalid SKU[32m 1[2mms[22m[39m
 [32mΓ£ô[39m src/tests/validation.test.ts[2m > [22mValidation Library[2m > [22mproductSchema[2m > [22mshould reject product with negative price[32m 0[2mms[22m[39m
 [31m├ù[39m src/tests/validation.test.ts[2m > [22mValidation Library[2m > [22mvalidateBody[2m > [22mshould return success for valid body[32m 1[2mms[22m[39m
[31m   ΓåÆ expected false to be true // Object.is equality[39m
 [32mΓ£ô[39m src/tests/validation.test.ts[2m > [22mValidation Library[2m > [22mvalidateBody[2m > [22mshould return errors for invalid body[32m 1[2mms[22m[39m
 [32mΓ£ô[39m src/tests/validation.test.ts[2m > [22mValidation Library[2m > [22mformatValidationErrors[2m > [22mshould format Zod errors correctly[32m 1[2mms[22m[39m
[90m    at internalConnectMultiple (node:net:1134:18)[39m
[90m    at afterConnectMultiple (node:net:1715:7)[39m {
  code: [32m'ECONNREFUSED'[39m,
  [errors]: [
    Error: connect ECONNREFUSED ::1:3000
    [90m    at createConnectionError (node:net:1678:14)[39m
    [90m    at afterConnectMultiple (node:net:1708:16)[39m {
      errno: [33m-4078[39m,
      code: [32m'ECONNREFUSED'[39m,
      syscall: [32m'connect'[39m,
      address: [32m'::1'[39m,
      port: [33m3000[39m
    },
    Error: connect ECONNREFUSED 127.0.0.1:3000
    [90m    at createConnectionError (node:net:1678:14)[39m
    [90m    at afterConnectMultiple (node:net:1708:16)[39m {
      errno: [33m-4078[39m,
      code: [32m'ECONNREFUSED'[39m,
      syscall: [32m'connect'[39m,
      address: [32m'127.0.0.1'[39m,
      port: [33m3000[39m
    }
  ]
}

[90mstderr[2m | testing/supabase-auth/integration/auth-api.test.ts[2m > [22m[2mSupabase Auth 
Integration Tests[2m > [22m[2mPOST /api/auth/login
[22m[39mAggregateError: 
[90m    at internalConnectMultiple (node:net:1134:18)[39m
[90m    at afterConnectMultiple (node:net:1715:7)[39m {
  code: [32m'ECONNREFUSED'[39m,
  [errors]: [
    Error: connect ECONNREFUSED ::1:3000
    [90m    at createConnectionError (node:net:1678:14)[39m
    [90m    at afterConnectMultiple (node:net:1708:16)[39m {
      errno: [33m-4078[39m,
      code: [32m'ECONNREFUSED'[39m,
      syscall: [32m'connect'[39m,
      address: [32m'::1'[39m,
      port: [33m3000[39m
    },
    Error: connect ECONNREFUSED 127.0.0.1:3000
    [90m    at createConnectionError (node:net:1678:14)[39m
    [90m    at afterConnectMultiple (node:net:1708:16)[39m {
      errno: [33m-4078[39m,
      code: [32m'ECONNREFUSED'[39m,
      syscall: [32m'connect'[39m,
      address: [32m'127.0.0.1'[39m,
      port: [33m3000[39m
    }
  ]
}

[90mstderr[2m | src/tests/auth-rbac-integration.test.ts[2m > [22m[2mAuthentication & RBAC Integration 
Tests[2m > [22m[2mPhase 7: Session Expiry & Refresh[2m > [22m[2mshould handle expired session 
gracefully
[22m[39mAggregateError: 
[90m    at internalConnectMultiple (node:net:1134:18)[39m
[90m    at afterConnectMultiple (node:net:1715:7)[39m {
  code: [32m'ECONNREFUSED'[39m,
  [errors]: [
    Error: connect ECONNREFUSED ::1:3000
    [90m    at createConnectionError (node:net:1678:14)[39m
    [90m    at afterConnectMultiple (node:net:1708:16)[39m {
      errno: [33m-4078[39m,
      code: [32m'ECONNREFUSED'[39m,
      syscall: [32m'connect'[39m,
      address: [32m'::1'[39m,
      port: [33m3000[39m
    },
    Error: connect ECONNREFUSED 127.0.0.1:3000
    [90m    at createConnectionError (node:net:1678:14)[39m
    [90m    at afterConnectMultiple (node:net:1708:16)[39m {
      errno: [33m-4078[39m,
      code: [32m'ECONNREFUSED'[39m,
      syscall: [32m'connect'[39m,
      address: [32m'127.0.0.1'[39m,
      port: [33m3000[39m
    }
  ]
}

[90mstderr[2m | testing/supabase-auth/integration/auth-api.test.ts[2m > [22m[2mSupabase Auth 
Integration Tests[2m > [22m[2mPOST /api/auth/login
[22m[39mAggregateError: 
[90m    at internalConnectMultiple (node:net:1134:18)[39m
[90m    at afterConnectMultiple (node:net:1715:7)[39m {
  code: [32m'ECONNREFUSED'[39m,
  [errors]: [
    Error: connect ECONNREFUSED ::1:3000
    [90m    at createConnectionError (node:net:1678:14)[39m
    [90m    at afterConnectMultiple (node:net:1708:16)[39m {
      errno: [33m-4078[39m,
      code: [32m'ECONNREFUSED'[39m,
      syscall: [32m'connect'[39m,
      address: [32m'::1'[39m,
      port: [33m3000[39m
    },
    Error: connect ECONNREFUSED 127.0.0.1:3000
    [90m    at createConnectionError (node:net:1678:14)[39m
    [90m    at afterConnectMultiple (node:net:1708:16)[39m {
      errno: [33m-4078[39m,
      code: [32m'ECONNREFUSED'[39m,
      syscall: [32m'connect'[39m,
      address: [32m'127.0.0.1'[39m,
      port: [33m3000[39m
    }
  ]
}

[90mstderr[2m | src/tests/auth-rbac-integration.test.ts[2m > [22m[2mAuthentication & RBAC Integration 
Tests[2m > [22m[2mPhase 7: Session Expiry & Refresh[2m > [22m[2mshould handle expired session 
gracefully
[22m[39mAggregateError: 
[90m    at internalConnectMultiple (node:net:1134:18)[39m
[90m    at afterConnectMultiple (node:net:1715:7)[39m {
  code: [32m'ECONNREFUSED'[39m,
  [errors]: [
    Error: connect ECONNREFUSED ::1:3000
    [90m    at createConnectionError (node:net:1678:14)[39m
    [90m    at afterConnectMultiple (node:net:1708:16)[39m {
      errno: [33m-4078[39m,
      code: [32m'ECONNREFUSED'[39m,
      syscall: [32m'connect'[39m,
      address: [32m'::1'[39m,
      port: [33m3000[39m
    },
    Error: connect ECONNREFUSED 127.0.0.1:3000
    [90m    at createConnectionError (node:net:1678:14)[39m
    [90m    at afterConnectMultiple (node:net:1708:16)[39m {
      errno: [33m-4078[39m,
      code: [32m'ECONNREFUSED'[39m,
      syscall: [32m'connect'[39m,
      address: [32m'127.0.0.1'[39m,
      port: [33m3000[39m
    }
  ]
}

[90mstderr[2m | testing/supabase-auth/integration/auth-api.test.ts[2m > [22m[2mSupabase Auth 
Integration Tests[2m > [22m[2mPOST /api/auth/logout[2m > [22m[2mshould successfully logout
[22m[39mAggregateError: 
[90m    at internalConnectMultiple (node:net:1134:18)[39m
[90m    at afterConnectMultiple (node:net:1715:7)[39m {
  code: [32m'ECONNREFUSED'[39m,
  [errors]: [
    Error: connect ECONNREFUSED ::1:3000
    [90m    at createConnectionError (node:net:1678:14)[39m
    [90m    at afterConnectMultiple (node:net:1708:16)[39m {
      errno: [33m-4078[39m,
      code: [32m'ECONNREFUSED'[39m,
      syscall: [32m'connect'[39m,
      address: [32m'::1'[39m,
      port: [33m3000[39m
    },
    Error: connect ECONNREFUSED 127.0.0.1:3000
    [90m    at createConnectionError (node:net:1678:14)[39m
    [90m    at afterConnectMultiple (node:net:1708:16)[39m {
      errno: [33m-4078[39m,
      code: [32m'ECONNREFUSED'[39m,
      syscall: [32m'connect'[39m,
      address: [32m'127.0.0.1'[39m,
      port: [33m3000[39m
    }
  ]
}

[90mstderr[2m | src/tests/auth-rbac-integration.test.ts[2m > [22m[2mAuthentication & RBAC Integration 
Tests[2m > [22m[2mPhase 8: Concurrent Session Handling[2m > [22m[2mshould handle multiple concurrent 
logins
[22m[39mAggregateError: 
[90m    at internalConnectMultiple (node:net:1134:18)[39m
[90m    at afterConnectMultiple (node:net:1715:7)[39m {
  code: [32m'ECONNREFUSED'[39m,
  [errors]: [
    Error: connect ECONNREFUSED ::1:3000
    [90m    at createConnectionError (node:net:1678:14)[39m
    [90m    at afterConnectMultiple (node:net:1708:16)[39m {
      errno: [33m-4078[39m,
      code: [32m'ECONNREFUSED'[39m,
      syscall: [32m'connect'[39m,
      address: [32m'::1'[39m,
      port: [33m3000[39m
    },
    Error: connect ECONNREFUSED 127.0.0.1:3000
    [90m    at createConnectionError (node:net:1678:14)[39m
    [90m    at afterConnectMultiple (node:net:1708:16)[39m {
      errno: [33m-4078[39m,
      code: [32m'ECONNREFUSED'[39m,
      syscall: [32m'connect'[39m,
      address: [32m'127.0.0.1'[39m,
      port: [33m3000[39m
    }
  ]
}

[90mstderr[2m | testing/supabase-auth/integration/auth-api.test.ts[2m > [22m[2mSupabase Auth 
Integration Tests[2m > [22m[2mPOST /api/auth/logout[2m > [22m[2mshould successfully logout
[22m[39mAggregateError: 
[90m    at internalConnectMultiple (node:net:1134:18)[39m
[90m    at afterConnectMultiple (node:net:1715:7)[39m {
  code: [32m'ECONNREFUSED'[39m,
  [errors]: [
    Error: connect ECONNREFUSED ::1:3000
    [90m    at createConnectionError (node:net:1678:14)[39m
    [90m    at afterConnectMultiple (node:net:1708:16)[39m {
      errno: [33m-4078[39m,
      code: [32m'ECONNREFUSED'[39m,
      syscall: [32m'connect'[39m,
      address: [32m'::1'[39m,
      port: [33m3000[39m
    },
    Error: connect ECONNREFUSED 127.0.0.1:3000
    [90m    at createConnectionError (node:net:1678:14)[39m
    [90m    at afterConnectMultiple (node:net:1708:16)[39m {
      errno: [33m-4078[39m,
      code: [32m'ECONNREFUSED'[39m,
      syscall: [32m'connect'[39m,
      address: [32m'127.0.0.1'[39m,
      port: [33m3000[39m
    }
  ]
}

[90mstderr[2m | src/tests/auth-rbac-integration.test.ts[2m > [22m[2mAuthentication & RBAC Integration 
Tests[2m > [22m[2mPhase 8: Concurrent Session Handling[2m > [22m[2mshould handle login from different 
devices (multiple sessions)
[22m[39mAggregateError: 
[90m    at internalConnectMultiple (node:net:1134:18)[39m
[90m    at afterConnectMultiple (node:net:1715:7)[39m {
  code: [32m'ECONNREFUSED'[39m,
  [errors]: [
    Error: connect ECONNREFUSED ::1:3000
    [90m    at createConnectionError (node:net:1678:14)[39m
    [90m    at afterConnectMultiple (node:net:1708:16)[39m {
      errno: [33m-4078[39m,
      code: [32m'ECONNREFUSED'[39m,
      syscall: [32m'connect'[39m,
      address: [32m'::1'[39m,
      port: [33m3000[39m
    },
    Error: connect ECONNREFUSED 127.0.0.1:3000
    [90m    at createConnectionError (node:net:1678:14)[39m
    [90m    at afterConnectMultiple (node:net:1708:16)[39m {
      errno: [33m-4078[39m,
      code: [32m'ECONNREFUSED'[39m,
      syscall: [32m'connect'[39m,
      address: [32m'127.0.0.1'[39m,
      port: [33m3000[39m
    }
  ]
}

[90mstderr[2m | testing/supabase-auth/integration/auth-api.test.ts[2m > [22m[2mSupabase Auth 
Integration Tests[2m > [22m[2mPOST /api/auth/logout[2m > [22m[2mshould clear cookies on logout
[22m[39mAggregateError: 
[90m    at internalConnectMultiple (node:net:1134:18)[39m
[90m    at afterConnectMultiple (node:net:1715:7)[39m {
  code: [32m'ECONNREFUSED'[39m,
  [errors]: [
    Error: connect ECONNREFUSED ::1:3000
    [90m    at createConnectionError (node:net:1678:14)[39m
    [90m    at afterConnectMultiple (node:net:1708:16)[39m {
      errno: [33m-4078[39m,
      code: [32m'ECONNREFUSED'[39m,
      syscall: [32m'connect'[39m,
      address: [32m'::1'[39m,
      port: [33m3000[39m
    },
    Error: connect ECONNREFUSED 127.0.0.1:3000
    [90m    at createConnectionError (node:net:1678:14)[39m
    [90m    at afterConnectMultiple (node:net:1708:16)[39m {
      errno: [33m-4078[39m,
      code: [32m'ECONNREFUSED'[39m,
      syscall: [32m'connect'[39m,
      address: [32m'127.0.0.1'[39m,
      port: [33m3000[39m
    }
  ]
}

[90mstderr[2m | src/tests/auth-rbac-integration.test.ts[2m > [22m[2mAuthentication & RBAC Integration 
Tests[2m > [22m[2mPhase 8: Concurrent Session Handling[2m > [22m[2mshould handle login from different 
devices (multiple sessions)
[22m[39mAggregateError: 
[90m    at internalConnectMultiple (node:net:1134:18)[39m
[90m    at afterConnectMultiple (node:net:1715:7)[39m {
  code: [32m'ECONNREFUSED'[39m,
  [errors]: [
    Error: connect ECONNREFUSED ::1:3000
    [90m    at createConnectionError (node:net:1678:14)[39m
    [90m    at afterConnectMultiple (node:net:1708:16)[39m {
      errno: [33m-4078[39m,
      code: [32m'ECONNREFUSED'[39m,
      syscall: [32m'connect'[39m,
      address: [32m'::1'[39m,
      port: [33m3000[39m
    },
    Error: connect ECONNREFUSED 127.0.0.1:3000
    [90m    at createConnectionError (node:net:1678:14)[39m
    [90m    at afterConnectMultiple (node:net:1708:16)[39m {
      errno: [33m-4078[39m,
      code: [32m'ECONNREFUSED'[39m,
      syscall: [32m'connect'[39m,
      address: [32m'127.0.0.1'[39m,
      port: [33m3000[39m
    }
  ]
}

[90mstderr[2m | testing/supabase-auth/integration/auth-api.test.ts[2m > [22m[2mSupabase Auth 
Integration Tests[2m > [22m[2mPOST /api/auth/logout[2m > [22m[2mshould handle logout without session
[22m[39mAggregateError: 
[90m    at internalConnectMultiple (node:net:1134:18)[39m
[90m    at afterConnectMultiple (node:net:1715:7)[39m {
  code: [32m'ECONNREFUSED'[39m,
  [errors]: [
    Error: connect ECONNREFUSED ::1:3000
    [90m    at createConnectionError (node:net:1678:14)[39m
    [90m    at afterConnectMultiple (node:net:1708:16)[39m {
      errno: [33m-4078[39m,
      code: [32m'ECONNREFUSED'[39m,
      syscall: [32m'connect'[39m,
      address: [32m'::1'[39m,
      port: [33m3000[39m
    },
    Error: connect ECONNREFUSED 127.0.0.1:3000
    [90m    at createConnectionError (node:net:1678:14)[39m
    [90m    at afterConnectMultiple (node:net:1708:16)[39m {
      errno: [33m-4078[39m,
      code: [32m'ECONNREFUSED'[39m,
      syscall: [32m'connect'[39m,
      address: [32m'127.0.0.1'[39m,
      port: [33m3000[39m
    }
  ]
}

[90mstderr[2m | src/tests/auth-rbac-integration.test.ts[2m > [22m[2mAuthentication & RBAC Integration 
Tests[2m > [22m[2mPhase 8: Concurrent Session Handling[2m > [22m[2mshould handle login from different 
devices (multiple sessions)
[22m[39mAggregateError: 
[90m    at internalConnectMultiple (node:net:1134:18)[39m
[90m    at afterConnectMultiple (node:net:1715:7)[39m {
  code: [32m'ECONNREFUSED'[39m,
  [errors]: [
    Error: connect ECONNREFUSED ::1:3000
    [90m    at createConnectionError (node:net:1678:14)[39m
    [90m    at afterConnectMultiple (node:net:1708:16)[39m {
      errno: [33m-4078[39m,
      code: [32m'ECONNREFUSED'[39m,
      syscall: [32m'connect'[39m,
      address: [32m'::1'[39m,
      port: [33m3000[39m
    },
    Error: connect ECONNREFUSED 127.0.0.1:3000
    [90m    at createConnectionError (node:net:1678:14)[39m
    [90m    at afterConnectMultiple (node:net:1708:16)[39m {
      errno: [33m-4078[39m,
      code: [32m'ECONNREFUSED'[39m,
      syscall: [32m'connect'[39m,
      address: [32m'127.0.0.1'[39m,
      port: [33m3000[39m
    }
  ]
}

[90mstderr[2m | testing/supabase-auth/integration/auth-api.test.ts[2m > [22m[2mSupabase Auth 
Integration Tests[2m > [22m[2mSession Management - Edge Cases[2m > [22m[2mshould handle concurrent 
login requests
[22m[39mAggregateError: 
[90m    at internalConnectMultiple (node:net:1134:18)[39m
[90m    at afterConnectMultiple (node:net:1715:7)[39m {
  code: [32m'ECONNREFUSED'[39m,
  [errors]: [
    Error: connect ECONNREFUSED ::1:3000
    [90m    at createConnectionError (node:net:1678:14)[39m
    [90m    at afterConnectMultiple (node:net:1708:16)[39m {
      errno: [33m-4078[39m,
      code: [32m'ECONNREFUSED'[39m,
      syscall: [32m'connect'[39m,
      address: [32m'::1'[39m,
      port: [33m3000[39m
    },
    Error: connect ECONNREFUSED 127.0.0.1:3000
    [90m    at createConnectionError (node:net:1678:14)[39m
    [90m    at afterConnectMultiple (node:net:1708:16)[39m {
      errno: [33m-4078[39m,
      code: [32m'ECONNREFUSED'[39m,
      syscall: [32m'connect'[39m,
      address: [32m'127.0.0.1'[39m,
      port: [33m3000[39m
    }
  ]
}

[90mstderr[2m | src/tests/auth-rbac-integration.test.ts[2m > [22m[2mAuthentication & RBAC Integration 
Tests[2m > [22m[2mPhase 8: Concurrent Session Handling[2m > [22m[2mshould handle login from different 
devices (multiple sessions)
[22m[39mAggregateError: 
[90m    at internalConnectMultiple (node:net:1134:18)[39m
[90m    at afterConnectMultiple (node:net:1715:7)[39m {
  code: [32m'ECONNREFUSED'[39m,
  [errors]: [
    Error: connect ECONNREFUSED ::1:3000
    [90m    at createConnectionError (node:net:1678:14)[39m
    [90m    at afterConnectMultiple (node:net:1708:16)[39m {
      errno: [33m-4078[39m,
      code: [32m'ECONNREFUSED'[39m,
      syscall: [32m'connect'[39m,
      address: [32m'::1'[39m,
      port: [33m3000[39m
    },
    Error: connect ECONNREFUSED 127.0.0.1:3000
    [90m    at createConnectionError (node:net:1678:14)[39m
    [90m    at afterConnectMultiple (node:net:1708:16)[39m {
      errno: [33m-4078[39m,
      code: [32m'ECONNREFUSED'[39m,
      syscall: [32m'connect'[39m,
      address: [32m'127.0.0.1'[39m,
      port: [33m3000[39m
    }
  ]
}

[90mstderr[2m | testing/supabase-auth/integration/auth-api.test.ts[2m > [22m[2mSupabase Auth 
Integration Tests[2m > [22m[2mSession Management - Edge Cases[2m > [22m[2mshould handle consecutive 
login/logout cycles
[22m[39mAggregateError: 
[90m    at internalConnectMultiple (node:net:1134:18)[39m
[90m    at afterConnectMultiple (node:net:1715:7)[39m {
  code: [32m'ECONNREFUSED'[39m,
  [errors]: [
    Error: connect ECONNREFUSED ::1:3000
    [90m    at createConnectionError (node:net:1678:14)[39m
    [90m    at afterConnectMultiple (node:net:1708:16)[39m {
      errno: [33m-4078[39m,
      code: [32m'ECONNREFUSED'[39m,
      syscall: [32m'connect'[39m,
      address: [32m'::1'[39m,
      port: [33m3000[39m
    },
    Error: connect ECONNREFUSED 127.0.0.1:3000
    [90m    at createConnectionError (node:net:1678:14)[39m
    [90m    at afterConnectMultiple (node:net:1708:16)[39m {
      errno: [33m-4078[39m,
      code: [32m'ECONNREFUSED'[39m,
      syscall: [32m'connect'[39m,
      address: [32m'127.0.0.1'[39m,
      port: [33m3000[39m
    }
  ]
}

[90mstderr[2m | src/tests/auth-rbac-integration.test.ts[2m > [22m[2mAuthentication & RBAC Integration 
Tests[2m > [22m[2mPhase 8: Concurrent Session Handling[2m > [22m[2mshould handle login from different 
devices (multiple sessions)
[22m[39mAggregateError: 
[90m    at internalConnectMultiple (node:net:1134:18)[39m
[90m    at afterConnectMultiple (node:net:1715:7)[39m {
  code: [32m'ECONNREFUSED'[39m,
  [errors]: [
    Error: connect ECONNREFUSED ::1:3000
    [90m    at createConnectionError (node:net:1678:14)[39m
    [90m    at afterConnectMultiple (node:net:1708:16)[39m {
      errno: [33m-4078[39m,
      code: [32m'ECONNREFUSED'[39m,
      syscall: [32m'connect'[39m,
      address: [32m'::1'[39m,
      port: [33m3000[39m
    },
    Error: connect ECONNREFUSED 127.0.0.1:3000
    [90m    at createConnectionError (node:net:1678:14)[39m
    [90m    at afterConnectMultiple (node:net:1708:16)[39m {
      errno: [33m-4078[39m,
      code: [32m'ECONNREFUSED'[39m,
      syscall: [32m'connect'[39m,
      address: [32m'127.0.0.1'[39m,
      port: [33m3000[39m
    }
  ]
}

[90mstderr[2m | testing/supabase-auth/integration/auth-api.test.ts[2m > [22m[2mSupabase Auth 
Integration Tests[2m > [22m[2mSession Management - Edge Cases[2m > [22m[2mshould handle consecutive 
login/logout cycles
[22m[39mAggregateError: 
[90m    at internalConnectMultiple (node:net:1134:18)[39m
[90m    at afterConnectMultiple (node:net:1715:7)[39m {
  code: [32m'ECONNREFUSED'[39m,
  [errors]: [
    Error: connect ECONNREFUSED ::1:3000
    [90m    at createConnectionError (node:net:1678:14)[39m
    [90m    at afterConnectMultiple (node:net:1708:16)[39m {
      errno: [33m-4078[39m,
      code: [32m'ECONNREFUSED'[39m,
      syscall: [32m'connect'[39m,
      address: [32m'::1'[39m,
      port: [33m3000[39m
    },
    Error: connect ECONNREFUSED 127.0.0.1:3000
    [90m    at createConnectionError (node:net:1678:14)[39m
    [90m    at afterConnectMultiple (node:net:1708:16)[39m {
      errno: [33m-4078[39m,
      code: [32m'ECONNREFUSED'[39m,
      syscall: [32m'connect'[39m,
      address: [32m'127.0.0.1'[39m,
      port: [33m3000[39m
    }
  ]
}

[90mstderr[2m | src/tests/auth-rbac-integration.test.ts[2m > [22m[2mAuthentication & RBAC Integration 
Tests[2m > [22m[2mPhase 8: Concurrent Session Handling[2m > [22m[2mshould handle login from different 
devices (multiple sessions)
[22m[39mAggregateError: 
[90m    at internalConnectMultiple (node:net:1134:18)[39m
[90m    at afterConnectMultiple (node:net:1715:7)[39m {
  code: [32m'ECONNREFUSED'[39m,
  [errors]: [
    Error: connect ECONNREFUSED ::1:3000
    [90m    at createConnectionError (node:net:1678:14)[39m
    [90m    at afterConnectMultiple (node:net:1708:16)[39m {
      errno: [33m-4078[39m,
      code: [32m'ECONNREFUSED'[39m,
      syscall: [32m'connect'[39m,
      address: [32m'::1'[39m,
      port: [33m3000[39m
    },
    Error: connect ECONNREFUSED 127.0.0.1:3000
    [90m    at createConnectionError (node:net:1678:14)[39m
    [90m    at afterConnectMultiple (node:net:1708:16)[39m {
      errno: [33m-4078[39m,
      code: [32m'ECONNREFUSED'[39m,
      syscall: [32m'connect'[39m,
      address: [32m'127.0.0.1'[39m,
      port: [33m3000[39m
    }
  ]
}

[90mstderr[2m | testing/supabase-auth/integration/auth-api.test.ts[2m > [22m[2mSupabase Auth 
Integration Tests[2m > [22m[2mSession Management - Edge Cases[2m > [22m[2mshould handle consecutive 
login/logout cycles
[22m[39mAggregateError: 
[90m    at internalConnectMultiple (node:net:1134:18)[39m
[90m    at afterConnectMultiple (node:net:1715:7)[39m {
  code: [32m'ECONNREFUSED'[39m,
  [errors]: [
    Error: connect ECONNREFUSED ::1:3000
    [90m    at createConnectionError (node:net:1678:14)[39m
    [90m    at afterConnectMultiple (node:net:1708:16)[39m {
      errno: [33m-4078[39m,
      code: [32m'ECONNREFUSED'[39m,
      syscall: [32m'connect'[39m,
      address: [32m'::1'[39m,
      port: [33m3000[39m
    },
    Error: connect ECONNREFUSED 127.0.0.1:3000
    [90m    at createConnectionError (node:net:1678:14)[39m
    [90m    at afterConnectMultiple (node:net:1708:16)[39m {
      errno: [33m-4078[39m,
      code: [32m'ECONNREFUSED'[39m,
      syscall: [32m'connect'[39m,
      address: [32m'127.0.0.1'[39m,
      port: [33m3000[39m
    }
  ]
}

[90mstderr[2m | src/tests/auth-rbac-integration.test.ts[2m > [22m[2mAuthentication & RBAC Integration 
Tests[2m > [22m[2mPhase 9: Error Recovery[2m > [22m[2mshould provide meaningful error messages
[22m[39mAggregateError: 
[90m    at internalConnectMultiple (node:net:1134:18)[39m
[90m    at afterConnectMultiple (node:net:1715:7)[39m {
  code: [32m'ECONNREFUSED'[39m,
  [errors]: [
    Error: connect ECONNREFUSED ::1:3000
    [90m    at createConnectionError (node:net:1678:14)[39m
    [90m    at afterConnectMultiple (node:net:1708:16)[39m {
      errno: [33m-4078[39m,
      code: [32m'ECONNREFUSED'[39m,
      syscall: [32m'connect'[39m,
      address: [32m'::1'[39m,
      port: [33m3000[39m
    },
    Error: connect ECONNREFUSED 127.0.0.1:3000
    [90m    at createConnectionError (node:net:1678:14)[39m
    [90m    at afterConnectMultiple (node:net:1708:16)[39m {
      errno: [33m-4078[39m,
      code: [32m'ECONNREFUSED'[39m,
      syscall: [32m'connect'[39m,
      address: [32m'127.0.0.1'[39m,
      port: [33m3000[39m
    }
  ]
}

[90mstderr[2m | testing/supabase-auth/integration/auth-api.test.ts[2m > [22m[2mSupabase Auth 
Integration Tests[2m > [22m[2mSession Management - Edge Cases[2m > [22m[2mshould handle consecutive 
login/logout cycles
[22m[39mAggregateError: 
[90m    at internalConnectMultiple (node:net:1134:18)[39m
[90m    at afterConnectMultiple (node:net:1715:7)[39m {
  code: [32m'ECONNREFUSED'[39m,
  [errors]: [
    Error: connect ECONNREFUSED ::1:3000
    [90m    at createConnectionError (node:net:1678:14)[39m
    [90m    at afterConnectMultiple (node:net:1708:16)[39m {
      errno: [33m-4078[39m,
      code: [32m'ECONNREFUSED'[39m,
      syscall: [32m'connect'[39m,
      address: [32m'::1'[39m,
      port: [33m3000[39m
    },
    Error: connect ECONNREFUSED 127.0.0.1:3000
    [90m    at createConnectionError (node:net:1678:14)[39m
    [90m    at afterConnectMultiple (node:net:1708:16)[39m {
      errno: [33m-4078[39m,
      code: [32m'ECONNREFUSED'[39m,
      syscall: [32m'connect'[39m,
      address: [32m'127.0.0.1'[39m,
      port: [33m3000[39m
    }
  ]
}

[90mstderr[2m | src/tests/auth-rbac-integration.test.ts[2m > [22m[2mAuthentication & RBAC Integration 
Tests[2m > [22m[2mPhase 9: Error Recovery[2m > [22m[2mshould provide meaningful error messages
[22m[39mAggregateError: 
[90m    at internalConnectMultiple (node:net:1134:18)[39m
[90m    at afterConnectMultiple (node:net:1715:7)[39m {
  code: [32m'ECONNREFUSED'[39m,
  [errors]: [
    Error: connect ECONNREFUSED ::1:3000
    [90m    at createConnectionError (node:net:1678:14)[39m
    [90m    at afterConnectMultiple (node:net:1708:16)[39m {
      errno: [33m-4078[39m,
      code: [32m'ECONNREFUSED'[39m,
      syscall: [32m'connect'[39m,
      address: [32m'::1'[39m,
      port: [33m3000[39m
    },
    Error: connect ECONNREFUSED 127.0.0.1:3000
    [90m    at createConnectionError (node:net:1678:14)[39m
    [90m    at afterConnectMultiple (node:net:1708:16)[39m {
      errno: [33m-4078[39m,
      code: [32m'ECONNREFUSED'[39m,
      syscall: [32m'connect'[39m,
      address: [32m'127.0.0.1'[39m,
      port: [33m3000[39m
    }
  ]
}

[90mstderr[2m | testing/supabase-auth/integration/auth-api.test.ts[2m > [22m[2mSupabase Auth 
Integration Tests[2m > [22m[2mSession Management - Edge Cases[2m > [22m[2mshould handle consecutive 
login/logout cycles
[22m[39mAggregateError: 
[90m    at internalConnectMultiple (node:net:1134:18)[39m
[90m    at afterConnectMultiple (node:net:1715:7)[39m {
  code: [32m'ECONNREFUSED'[39m,
  [errors]: [
    Error: connect ECONNREFUSED ::1:3000
    [90m    at createConnectionError (node:net:1678:14)[39m
    [90m    at afterConnectMultiple (node:net:1708:16)[39m {
      errno: [33m-4078[39m,
      code: [32m'ECONNREFUSED'[39m,
      syscall: [32m'connect'[39m,
      address: [32m'::1'[39m,
      port: [33m3000[39m
    },
    Error: connect ECONNREFUSED 127.0.0.1:3000
    [90m    at createConnectionError (node:net:1678:14)[39m
    [90m    at afterConnectMultiple (node:net:1708:16)[39m {
      errno: [33m-4078[39m,
      code: [32m'ECONNREFUSED'[39m,
      syscall: [32m'connect'[39m,
      address: [32m'127.0.0.1'[39m,
      port: [33m3000[39m
    }
  ]
}

[90mstderr[2m | src/tests/auth-rbac-integration.test.ts[2m > [22m[2mAuthentication & RBAC Integration 
Tests[2m > [22m[2mPhase 10: Security Validations[2m > [22m[2mshould not expose sensitive data in 
error messages
[22m[39mAggregateError: 
[90m    at internalConnectMultiple (node:net:1134:18)[39m
[90m    at afterConnectMultiple (node:net:1715:7)[39m {
  code: [32m'ECONNREFUSED'[39m,
  [errors]: [
    Error: connect ECONNREFUSED ::1:3000
    [90m    at createConnectionError (node:net:1678:14)[39m
    [90m    at afterConnectMultiple (node:net:1708:16)[39m {
      errno: [33m-4078[39m,
      code: [32m'ECONNREFUSED'[39m,
      syscall: [32m'connect'[39m,
      address: [32m'::1'[39m,
      port: [33m3000[39m
    },
    Error: connect ECONNREFUSED 127.0.0.1:3000
    [90m    at createConnectionError (node:net:1678:14)[39m
    [90m    at afterConnectMultiple (node:net:1708:16)[39m {
      errno: [33m-4078[39m,
      code: [32m'ECONNREFUSED'[39m,
      syscall: [32m'connect'[39m,
      address: [32m'127.0.0.1'[39m,
      port: [33m3000[39m
    }
  ]
}

[90mstderr[2m | testing/supabase-auth/integration/auth-api.test.ts[2m > [22m[2mSupabase Auth 
Integration Tests[2m > [22m[2mSession Management - Edge Cases[2m > [22m[2mshould handle consecutive 
login/logout cycles
[22m[39mAggregateError: 
[90m    at internalConnectMultiple (node:net:1134:18)[39m
[90m    at afterConnectMultiple (node:net:1715:7)[39m {
  code: [32m'ECONNREFUSED'[39m,
  [errors]: [
    Error: connect ECONNREFUSED ::1:3000
    [90m    at createConnectionError (node:net:1678:14)[39m
    [90m    at afterConnectMultiple (node:net:1708:16)[39m {
      errno: [33m-4078[39m,
      code: [32m'ECONNREFUSED'[39m,
      syscall: [32m'connect'[39m,
      address: [32m'::1'[39m,
      port: [33m3000[39m
    },
    Error: connect ECONNREFUSED 127.0.0.1:3000
    [90m    at createConnectionError (node:net:1678:14)[39m
    [90m    at afterConnectMultiple (node:net:1708:16)[39m {
      errno: [33m-4078[39m,
      code: [32m'ECONNREFUSED'[39m,
      syscall: [32m'connect'[39m,
      address: [32m'127.0.0.1'[39m,
      port: [33m3000[39m
    }
  ]
}

[90mstderr[2m | src/tests/auth-rbac-integration.test.ts[2m > [22m[2mAuthentication & RBAC Integration 
Tests[2m > [22m[2mPhase 10: Security Validations[2m > [22m[2mshould not expose sensitive data in 
error messages
[22m[39mAggregateError: 
[90m    at internalConnectMultiple (node:net:1134:18)[39m
[90m    at afterConnectMultiple (node:net:1715:7)[39m {
  code: [32m'ECONNREFUSED'[39m,
  [errors]: [
    Error: connect ECONNREFUSED ::1:3000
    [90m    at createConnectionError (node:net:1678:14)[39m
    [90m    at afterConnectMultiple (node:net:1708:16)[39m {
      errno: [33m-4078[39m,
      code: [32m'ECONNREFUSED'[39m,
      syscall: [32m'connect'[39m,
      address: [32m'::1'[39m,
      port: [33m3000[39m
    },
    Error: connect ECONNREFUSED 127.0.0.1:3000
    [90m    at createConnectionError (node:net:1678:14)[39m
    [90m    at afterConnectMultiple (node:net:1708:16)[39m {
      errno: [33m-4078[39m,
      code: [32m'ECONNREFUSED'[39m,
      syscall: [32m'connect'[39m,
      address: [32m'127.0.0.1'[39m,
      port: [33m3000[39m
    }
  ]
}

[90mstderr[2m | testing/supabase-auth/integration/auth-api.test.ts[2m > [22m[2mSupabase Auth 
Integration Tests[2m > [22m[2mSession Management - Edge Cases[2m > [22m[2mshould handle login after 
logout
[22m[39mAggregateError: 
[90m    at internalConnectMultiple (node:net:1134:18)[39m
[90m    at afterConnectMultiple (node:net:1715:7)[39m {
  code: [32m'ECONNREFUSED'[39m,
  [errors]: [
    Error: connect ECONNREFUSED ::1:3000
    [90m    at createConnectionError (node:net:1678:14)[39m
    [90m    at afterConnectMultiple (node:net:1708:16)[39m {
      errno: [33m-4078[39m,
      code: [32m'ECONNREFUSED'[39m,
      syscall: [32m'connect'[39m,
      address: [32m'::1'[39m,
      port: [33m3000[39m
    },
    Error: connect ECONNREFUSED 127.0.0.1:3000
    [90m    at createConnectionError (node:net:1678:14)[39m
    [90m    at afterConnectMultiple (node:net:1708:16)[39m {
      errno: [33m-4078[39m,
      code: [32m'ECONNREFUSED'[39m,
      syscall: [32m'connect'[39m,
      address: [32m'127.0.0.1'[39m,
      port: [33m3000[39m
    }
  ]
}

[90mstderr[2m | src/tests/auth-rbac-integration.test.ts[2m > [22m[2mAuthentication & RBAC Integration 
Tests[2m > [22m[2mPhase 10: Security Validations[2m > [22m[2mshould enforce HTTPS in production (via 
headers)
[22m[39mAggregateError: 
[90m    at internalConnectMultiple (node:net:1134:18)[39m
[90m    at afterConnectMultiple (node:net:1715:7)[39m {
  code: [32m'ECONNREFUSED'[39m,
  [errors]: [
    Error: connect ECONNREFUSED ::1:3000
    [90m    at createConnectionError (node:net:1678:14)[39m
    [90m    at afterConnectMultiple (node:net:1708:16)[39m {
      errno: [33m-4078[39m,
      code: [32m'ECONNREFUSED'[39m,
      syscall: [32m'connect'[39m,
      address: [32m'::1'[39m,
      port: [33m3000[39m
    },
    Error: connect ECONNREFUSED 127.0.0.1:3000
    [90m    at createConnectionError (node:net:1678:14)[39m
    [90m    at afterConnectMultiple (node:net:1708:16)[39m {
      errno: [33m-4078[39m,
      code: [32m'ECONNREFUSED'[39m,
      syscall: [32m'connect'[39m,
      address: [32m'127.0.0.1'[39m,
      port: [33m3000[39m
    }
  ]
}

[90mstderr[2m | testing/supabase-auth/integration/auth-api.test.ts[2m > [22m[2mSupabase Auth 
Integration Tests[2m > [22m[2mSession Management - Edge Cases[2m > [22m[2mshould handle login after 
logout
[22m[39mAggregateError: 
[90m    at internalConnectMultiple (node:net:1134:18)[39m
[90m    at afterConnectMultiple (node:net:1715:7)[39m {
  code: [32m'ECONNREFUSED'[39m,
  [errors]: [
    Error: connect ECONNREFUSED ::1:3000
    [90m    at createConnectionError (node:net:1678:14)[39m
    [90m    at afterConnectMultiple (node:net:1708:16)[39m {
      errno: [33m-4078[39m,
      code: [32m'ECONNREFUSED'[39m,
      syscall: [32m'connect'[39m,
      address: [32m'::1'[39m,
      port: [33m3000[39m
    },
    Error: connect ECONNREFUSED 127.0.0.1:3000
    [90m    at createConnectionError (node:net:1678:14)[39m
    [90m    at afterConnectMultiple (node:net:1708:16)[39m {
      errno: [33m-4078[39m,
      code: [32m'ECONNREFUSED'[39m,
      syscall: [32m'connect'[39m,
      address: [32m'127.0.0.1'[39m,
      port: [33m3000[39m
    }
  ]
}

[90mstderr[2m | src/tests/auth-rbac-integration.test.ts[2m > [22m[2mAuthentication & RBAC Integration 
Tests[2m > [22m[2mPhase 10: Security Validations[2m > [22m[2mshould enforce HTTPS in production (via 
headers)
[22m[39mAggregateError: 
[90m    at internalConnectMultiple (node:net:1134:18)[39m
[90m    at afterConnectMultiple (node:net:1715:7)[39m {
  code: [32m'ECONNREFUSED'[39m,
  [errors]: [
    Error: connect ECONNREFUSED ::1:3000
    [90m    at createConnectionError (node:net:1678:14)[39m
    [90m    at afterConnectMultiple (node:net:1708:16)[39m {
      errno: [33m-4078[39m,
      code: [32m'ECONNREFUSED'[39m,
      syscall: [32m'connect'[39m,
      address: [32m'::1'[39m,
      port: [33m3000[39m
    },
    Error: connect ECONNREFUSED 127.0.0.1:3000
    [90m    at createConnectionError (node:net:1678:14)[39m
    [90m    at afterConnectMultiple (node:net:1708:16)[39m {
      errno: [33m-4078[39m,
      code: [32m'ECONNREFUSED'[39m,
      syscall: [32m'connect'[39m,
      address: [32m'127.0.0.1'[39m,
      port: [33m3000[39m
    }
  ]
}

[90mstderr[2m | testing/supabase-auth/integration/auth-api.test.ts[2m > [22m[2mSupabase Auth 
Integration Tests[2m > [22m[2mError Handling and Recovery[2m > [22m[2mshould provide helpful error 
messages
[22m[39mAggregateError: 
[90m    at internalConnectMultiple (node:net:1134:18)[39m
[90m    at afterConnectMultiple (node:net:1715:7)[39m {
  code: [32m'ECONNREFUSED'[39m,
  [errors]: [
    Error: connect ECONNREFUSED ::1:3000
    [90m    at createConnectionError (node:net:1678:14)[39m
    [90m    at afterConnectMultiple (node:net:1708:16)[39m {
      errno: [33m-4078[39m,
      code: [32m'ECONNREFUSED'[39m,
      syscall: [32m'connect'[39m,
      address: [32m'::1'[39m,
      port: [33m3000[39m
    },
    Error: connect ECONNREFUSED 127.0.0.1:3000
    [90m    at createConnectionError (node:net:1678:14)[39m
    [90m    at afterConnectMultiple (node:net:1708:16)[39m {
      errno: [33m-4078[39m,
      code: [32m'ECONNREFUSED'[39m,
      syscall: [32m'connect'[39m,
      address: [32m'127.0.0.1'[39m,
      port: [33m3000[39m
    }
  ]
}

[90mstderr[2m | src/tests/auth-rbac-integration.test.ts[2m > [22m[2mAuthentication & RBAC Integration 
Tests[2m > [22m[2mPhase 10: Security Validations[2m > [22m[2mshould prevent XSS via httpOnly cookies
[22m[39mAggregateError: 
[90m    at internalConnectMultiple (node:net:1134:18)[39m
[90m    at afterConnectMultiple (node:net:1715:7)[39m {
  code: [32m'ECONNREFUSED'[39m,
  [errors]: [
    Error: connect ECONNREFUSED ::1:3000
    [90m    at createConnectionError (node:net:1678:14)[39m
    [90m    at afterConnectMultiple (node:net:1708:16)[39m {
      errno: [33m-4078[39m,
      code: [32m'ECONNREFUSED'[39m,
      syscall: [32m'connect'[39m,
      address: [32m'::1'[39m,
      port: [33m3000[39m
    },
    Error: connect ECONNREFUSED 127.0.0.1:3000
    [90m    at createConnectionError (node:net:1678:14)[39m
    [90m    at afterConnectMultiple (node:net:1708:16)[39m {
      errno: [33m-4078[39m,
      code: [32m'ECONNREFUSED'[39m,
      syscall: [32m'connect'[39m,
      address: [32m'127.0.0.1'[39m,
      port: [33m3000[39m
    }
  ]
}

[90mstderr[2m | testing/supabase-auth/integration/auth-api.test.ts[2m > [22m[2mSupabase Auth 
Integration Tests[2m > [22m[2mError Handling and Recovery[2m > [22m[2mshould not leak sensitive 
information in errors
[22m[39mAggregateError: 
[90m    at internalConnectMultiple (node:net:1134:18)[39m
[90m    at afterConnectMultiple (node:net:1715:7)[39m {
  code: [32m'ECONNREFUSED'[39m,
  [errors]: [
    Error: connect ECONNREFUSED ::1:3000
    [90m    at createConnectionError (node:net:1678:14)[39m
    [90m    at afterConnectMultiple (node:net:1708:16)[39m {
      errno: [33m-4078[39m,
      code: [32m'ECONNREFUSED'[39m,
      syscall: [32m'connect'[39m,
      address: [32m'::1'[39m,
      port: [33m3000[39m
    },
    Error: connect ECONNREFUSED 127.0.0.1:3000
    [90m    at createConnectionError (node:net:1678:14)[39m
    [90m    at afterConnectMultiple (node:net:1708:16)[39m {
      errno: [33m-4078[39m,
      code: [32m'ECONNREFUSED'[39m,
      syscall: [32m'connect'[39m,
      address: [32m'127.0.0.1'[39m,
      port: [33m3000[39m
    }
  ]
}

[90mstderr[2m | src/tests/auth-rbac-integration.test.ts[2m > [22m[2mAuthentication & RBAC Integration 
Tests[2m > [22m[2mPhase 10: Security Validations[2m > [22m[2mshould prevent XSS via httpOnly cookies
[22m[39mAggregateError: 
[90m    at internalConnectMultiple (node:net:1134:18)[39m
[90m    at afterConnectMultiple (node:net:1715:7)[39m {
  code: [32m'ECONNREFUSED'[39m,
  [errors]: [
    Error: connect ECONNREFUSED ::1:3000
    [90m    at createConnectionError (node:net:1678:14)[39m
    [90m    at afterConnectMultiple (node:net:1708:16)[39m {
      errno: [33m-4078[39m,
      code: [32m'ECONNREFUSED'[39m,
      syscall: [32m'connect'[39m,
      address: [32m'::1'[39m,
      port: [33m3000[39m
    },
    Error: connect ECONNREFUSED 127.0.0.1:3000
    [90m    at createConnectionError (node:net:1678:14)[39m
    [90m    at afterConnectMultiple (node:net:1708:16)[39m {
      errno: [33m-4078[39m,
      code: [32m'ECONNREFUSED'[39m,
      syscall: [32m'connect'[39m,
      address: [32m'127.0.0.1'[39m,
      port: [33m3000[39m
    }
  ]
}

[90mstderr[2m | testing/supabase-auth/integration/auth-api.test.ts[2m > [22m[2mSupabase Auth 
Integration Tests[2m > [22m[2mError Handling and Recovery[2m > [22m[2mshould not leak sensitive 
information in errors
[22m[39mAggregateError: 
[90m    at internalConnectMultiple (node:net:1134:18)[39m
[90m    at afterConnectMultiple (node:net:1715:7)[39m {
  code: [32m'ECONNREFUSED'[39m,
  [errors]: [
    Error: connect ECONNREFUSED ::1:3000
    [90m    at createConnectionError (node:net:1678:14)[39m
    [90m    at afterConnectMultiple (node:net:1708:16)[39m {
      errno: [33m-4078[39m,
      code: [32m'ECONNREFUSED'[39m,
      syscall: [32m'connect'[39m,
      address: [32m'::1'[39m,
      port: [33m3000[39m
    },
    Error: connect ECONNREFUSED 127.0.0.1:3000
    [90m    at createConnectionError (node:net:1678:14)[39m
    [90m    at afterConnectMultiple (node:net:1708:16)[39m {
      errno: [33m-4078[39m,
      code: [32m'ECONNREFUSED'[39m,
      syscall: [32m'connect'[39m,
      address: [32m'127.0.0.1'[39m,
      port: [33m3000[39m
    }
  ]
}

[90mstderr[2m | src/tests/auth-rbac-integration.test.ts[2m > [22m[2mAuthentication & RBAC Integration 
Tests[2m > [22m[2mPhase 10: Security Validations[2m > [22m[2mshould prevent CSRF via SameSite cookie 
attribute
[22m[39mAggregateError: 
[90m    at internalConnectMultiple (node:net:1134:18)[39m
[90m    at afterConnectMultiple (node:net:1715:7)[39m {
  code: [32m'ECONNREFUSED'[39m,
  [errors]: [
    Error: connect ECONNREFUSED ::1:3000
    [90m    at createConnectionError (node:net:1678:14)[39m
    [90m    at afterConnectMultiple (node:net:1708:16)[39m {
      errno: [33m-4078[39m,
      code: [32m'ECONNREFUSED'[39m,
      syscall: [32m'connect'[39m,
      address: [32m'::1'[39m,
      port: [33m3000[39m
    },
    Error: connect ECONNREFUSED 127.0.0.1:3000
    [90m    at createConnectionError (node:net:1678:14)[39m
    [90m    at afterConnectMultiple (node:net:1708:16)[39m {
[90mstdout[2m | src/tests/auth-rbac-integration.test.ts[2m > [22m[2mAuthentication & RBAC Integration Tests
[22m[39mCleaning up test sessions...

 [31m├ù[39m testing/supabase-auth/integration/auth-api.test.ts[2m > [22mSupabase Auth Integration Tests[2m > [22mPOST /api/auth/signup[2m > [22mshould handle very long email[32m 6[2mms[22m[39m
[31m   ΓåÆ Failed to execute "fetch()" on "Window" with URL "http://localhost:3000/api/auth/signup": [39m
 [31m├ù[39m testing/supabase-auth/integration/auth-api.test.ts[2m > [22mSupabase Auth Integration Tests[2m > [22mPOST /api/auth/signup[2m > [22mshould handle empty request body[32m 7[2mms[22m[39m
[31m   ΓåÆ Failed to execute "fetch()" on "Window" with URL "http://localhost:3000/api/auth/signup": [39m
 [31m├ù[39m testing/supabase-auth/integration/auth-api.test.ts[2m > [22mSupabase Auth Integration Tests[2m > [22mPOST /api/auth/signup[2m > [22mshould handle malformed JSON[32m 7[2mms[22m[39m
[31m   ΓåÆ Failed to execute "fetch()" on "Window" with URL "http://localhost:3000/api/auth/signup": [39m
 [31m├ù[39m testing/supabase-auth/integration/auth-api.test.ts[2m > [22mSupabase Auth Integration Tests[2m > [22mPOST /api/auth/signup[2m > [22mshould support optional metadata fields[32m 5[2mms[22m[39m
[31m   ΓåÆ Failed to execute "fetch()" on "Window" with URL "http://localhost:3000/api/auth/signup": [39m
 [2m[90mΓåô[39m[22m testing/supabase-auth/integration/auth-api.test.ts[2m > [22mSupabase Auth Integration Tests[2m > [22mPOST /api/auth/login[2m > [22mshould successfully login with valid credentials
 [2m[90mΓåô[39m[22m testing/supabase-auth/integration/auth-api.test.ts[2m > [22mSupabase Auth Integration Tests[2m > [22mPOST /api/auth/login[2m > [22mshould reject login with invalid email
 [2m[90mΓåô[39m[22m testing/supabase-auth/integration/auth-api.test.ts[2m > [22mSupabase Auth Integration Tests[2m > [22mPOST /api/auth/login[2m > [22mshould reject login with wrong password
 [2m[90mΓåô[39m[22m testing/supabase-auth/integration/auth-api.test.ts[2m > [22mSupabase Auth Integration Tests[2m > [22mPOST /api/auth/login[2m > [22mshould reject login with nonexistent user
 [2m[90mΓåô[39m[22m testing/supabase-auth/integration/auth-api.test.ts[2m > [22mSupabase Auth Integration Tests[2m > [22mPOST /api/auth/login[2m > [22mshould reject login with missing email
 [2m[90mΓåô[39m[22m testing/supabase-auth/integration/auth-api.test.ts[2m > [22mSupabase Auth Integration Tests[2m > [22mPOST /api/auth/login[2m > [22mshould reject login with missing password
 [2m[90mΓåô[39m[22m testing/supabase-auth/integration/auth-api.test.ts[2m > [22mSupabase Auth Integration Tests[2m > [22mPOST /api/auth/login[2m > [22mshould set secure httpOnly cookies on login
 [2m[90mΓåô[39m[22m testing/supabase-auth/integration/auth-api.test.ts[2m > [22mSupabase Auth Integration Tests[2m > [22mPOST /api/auth/login[2m > [22mshould reject login with short password
 [2m[90mΓåô[39m[22m testing/supabase-auth/integration/auth-api.test.ts[2m > [22mSupabase Auth Integration Tests[2m > [22mPOST /api/auth/login[2m > [22mshould handle case-insensitive email
 [2m[90mΓåô[39m[22m testing/supabase-auth/integration/auth-api.test.ts[2m > [22mSupabase Auth Integration Tests[2m > [22mPOST /api/auth/login[2m > [22mshould handle rate limiting on multiple failed attempts
 [31m├ù[39m testing/supabase-auth/integration/auth-api.test.ts[2m > [22mSupabase Auth Integration Tests[2m > [22mPOST /api/auth/logout[2m > [22mshould successfully logout[32m 5[2mms[22m[39m
[31m   ΓåÆ Failed to execute "fetch()" on "Window" with URL "http://localhost:3000/api/auth/logout": [39m
 [31m├ù[39m testing/supabase-auth/integration/auth-api.test.ts[2m > [22mSupabase Auth Integration Tests[2m > [22mPOST /api/auth/logout[2m > [22mshould clear cookies on logout[32m 3[2mms[22m[39m
[31m   ΓåÆ Failed to execute "fetch()" on "Window" with URL "http://localhost:3000/api/auth/logout": [39m
 [31m├ù[39m testing/supabase-auth/integration/auth-api.test.ts[2m > [22mSupabase Auth Integration Tests[2m > [22mPOST /api/auth/logout[2m > [22mshould handle logout without session[32m 5[2mms[22m[39m
[31m   ΓåÆ Failed to execute "fetch()" on "Window" with URL "http://localhost:3000/api/auth/logout": [39m
 [31m├ù[39m testing/supabase-auth/integration/auth-api.test.ts[2m > [22mSupabase Auth Integration Tests[2m > [22mSession Management - Edge Cases[2m > [22mshould handle concurrent login requests[32m 8[2mms[22m[39m
[31m   ΓåÆ Failed to execute "fetch()" on "Window" with URL "http://localhost:3000/api/auth/login": [39m
 [31m├ù[39m testing/supabase-auth/integration/auth-api.test.ts[2m > [22mSupabase Auth Integration Tests[2m > [22mSession Management - Edge Cases[2m > [22mshould handle consecutive login/logout cycles[32m 11[2mms[22m[39m
[31m   ΓåÆ Failed to execute "fetch()" on "Window" with URL "http://localhost:3000/api/auth/login": [39m
      errno: [33m-4078[39m,
      code: [32m'ECONNREFUSED'[39m,
      syscall: [32m'connect'[39m,
      address: [32m'127.0.0.1'[39m,
      port: [33m3000[39m
    }
  ]
}

[90mstderr[2m | src/tests/auth-rbac-integration.test.ts[2m > [22m[2mAuthentication & RBAC Integration 
Tests[2m > [22m[2mPhase 10: Security Validations[2m > [22m[2mshould prevent CSRF via SameSite cookie 
attribute
[22m[39mAggregateError: 
[90m    at internalConnectMultiple (node:net:1134:18)[39m
[90m    at afterConnectMultiple (node:net:1715:7)[39m {
  code: [32m'ECONNREFUSED'[39m,
  [errors]: [
    Error: connect ECONNREFUSED ::1:3000
    [90m    at createConnectionError (node:net:1678:14)[39m
    [90m    at afterConnectMultiple (node:net:1708:16)[39m {
      errno: [33m-4078[39m,
      code: [32m'ECONNREFUSED'[39m,
      syscall: [32m'connect'[39m,
      address: [32m'::1'[39m,
      port: [33m3000[39m
    },
    Error: connect ECONNREFUSED 127.0.0.1:3000
    [90m    at createConnectionError (node:net:1678:14)[39m
    [90m    at afterConnectMultiple (node:net:1708:16)[39m {
      errno: [33m-4078[39m,
      code: [32m'ECONNREFUSED'[39m,
      syscall: [32m'connect'[39m,
      address: [32m'127.0.0.1'[39m,
      port: [33m3000[39m
    }
  ]
}

[90mstderr[2m | testing/supabase-auth/integration/auth-api.test.ts
[22m[39mAggregateError: 
[90m    at internalConnectMultiple (node:net:1134:18)[39m
[90m    at afterConnectMultiple (node:net:1715:7)[39m {
  code: [32m'ECONNREFUSED'[39m,
  [errors]: [
    Error: connect ECONNREFUSED ::1:3000
    [90m    at createConnectionError (node:net:1678:14)[39m
    [90m    at afterConnectMultiple (node:net:1708:16)[39m {
      errno: [33m-4078[39m,
      code: [32m'ECONNREFUSED'[39m,
      syscall: [32m'connect'[39m,
      address: [32m'::1'[39m,
      port: [33m3000[39m
    },
    Error: connect ECONNREFUSED 127.0.0.1:3000
    [90m    at createConnectionError (node:net:1678:14)[39m
    [90m    at afterConnectMultiple (node:net:1708:16)[39m {
      errno: [33m-4078[39m,
      code: [32m'ECONNREFUSED'[39m,
      syscall: [32m'connect'[39m,
      address: [32m'127.0.0.1'[39m,
      port: [33m3000[39m
    }
  ]
}

[90mstderr[2m | src/tests/auth-rbac-integration.test.ts
[22m[39mAggregateError: 
[90m    at internalConnectMultiple (node:net:1134:18)[39m
[90m    at afterConnectMultiple (node:net:1715:7)[39m {
  code: [32m'ECONNREFUSED'[39m,
  [errors]: [
    Error: connect ECONNREFUSED ::1:3000
    [90m    at createConnectionError (node:net:1678:14)[39m
    [90m    at afterConnectMultiple (node:net:1708:16)[39m {
      errno: [33m-4078[39m,
      code: [32m'ECONNREFUSED'[39m,
      syscall: [32m'connect'[39m,
      address: [32m'::1'[39m,
      port: [33m3000[39m
    },
    Error: connect ECONNREFUSED 127.0.0.1:3000
    [90m    at createConnectionError (node:net:1678:14)[39m
    [90m    at afterConnectMultiple (node:net:1708:16)[39m {
      errno: [33m-4078[39m,
      code: [32m'ECONNREFUSED'[39m,
      syscall: [32m'connect'[39m,
      address: [32m'127.0.0.1'[39m,
      port: [33m3000[39m
    }
  ]
}

 [31m├ù[39m testing/supabase-auth/integration/auth-api.test.ts[2m > [22mSupabase Auth Integration Tests[2m > [22mSession Management - Edge Cases[2m > [22mshould handle login after logout[32m 4[2mms[22m[39m
[31m   ΓåÆ Failed to execute "fetch()" on "Window" with URL "http://localhost:3000/api/auth/logout": [39m
 [32mΓ£ô[39m testing/supabase-auth/integration/auth-api.test.ts[2m > [22mSupabase Auth Integration Tests[2m > [22mError Handling and Recovery[2m > [22mshould handle network timeout gracefully[32m 2[2mms[22m[39m
 [31m├ù[39m testing/supabase-auth/integration/auth-api.test.ts[2m > [22mSupabase Auth Integration Tests[2m > [22mError Handling and Recovery[2m > [22mshould provide helpful error messages[32m 4[2mms[22m[39m
[31m   ΓåÆ Failed to execute "fetch()" on "Window" with URL "http://localhost:3000/api/auth/login": [39m
 [31m├ù[39m testing/supabase-auth/integration/auth-api.test.ts[2m > [22mSupabase Auth Integration Tests[2m > [22mError Handling and Recovery[2m > [22mshould not leak sensitive information in errors[32m 8[2mms[22m[39m
[31m   ΓåÆ Failed to execute "fetch()" on "Window" with URL "http://localhost:3000/api/auth/login": [39m
 [31m├ù[39m src/tests/auth-rbac-integration.test.ts[2m > [22mAuthentication & RBAC Integration Tests[2m > [22mPhase 5: User Management with RBAC[2m > [22mshould prevent non-admin from creating users[32m 6[2mms[22m[39m
[31m   ΓåÆ Failed to execute "fetch()" on "Window" with URL "http://localhost:3000/api/auth/login": [39m
 [32mΓ£ô[39m src/tests/auth-rbac-integration.test.ts[2m > [22mAuthentication & RBAC Integration Tests[2m > [22mPhase 6: Multi-tenant Isolation[2m > [22mshould isolate permissions by organization[32m 1[2mms[22m[39m
 [31m├ù[39m src/tests/auth-rbac-integration.test.ts[2m > [22mAuthentication & RBAC Integration Tests[2m > [22mPhase 7: Session Expiry & Refresh[2m > [22mshould handle expired session gracefully[32m 6[2mms[22m[39m
[31m   ΓåÆ Failed to execute "fetch()" on "Window" with URL "http://localhost:3000/api/auth/me": [39m
 [32mΓ£ô[39m src/tests/auth-rbac-integration.test.ts[2m > [22mAuthentication & RBAC Integration Tests[2m > [22mPhase 7: Session Expiry & Refresh[2m > [22mshould refresh session with refresh token[32m 0[2mms[22m[39m
 [31m├ù[39m src/tests/auth-rbac-integration.test.ts[2m > [22mAuthentication & RBAC Integration Tests[2m > [22mPhase 8: Concurrent Session Handling[2m > [22mshould handle multiple concurrent logins[32m 11[2mms[22m[39m
[31m   ΓåÆ Failed to execute "fetch()" on "Window" with URL "http://localhost:3000/api/auth/login": [39m
 [31m├ù[39m src/tests/auth-rbac-integration.test.ts[2m > [22mAuthentication & RBAC Integration Tests[2m > [22mPhase 8: Concurrent Session Handling[2m > [22mshould handle login from different devices (multiple sessions)[32m 10[2mms[22m[39m
[31m   ΓåÆ Failed to execute "fetch()" on "Window" with URL "http://localhost:3000/api/auth/login": [39m
 [32mΓ£ô[39m src/tests/auth-rbac-integration.test.ts[2m > [22mAuthentication & RBAC Integration Tests[2m > [22mPhase 9: Error Recovery[2m > [22mshould recover from database connection errors gracefully[32m 0[2mms[22m[39m
 [31m├ù[39m src/tests/auth-rbac-integration.test.ts[2m > [22mAuthentication & RBAC Integration Tests[2m > [22mPhase 9: Error Recovery[2m > [22mshould provide meaningful error messages[32m 5[2mms[22m[39m
[31m   ΓåÆ Failed to execute "fetch()" on "Window" with URL "http://localhost:3000/api/auth/login": [39m
 [31m├ù[39m src/tests/auth-rbac-integration.test.ts[2m > [22mAuthentication & RBAC Integration Tests[2m > [22mPhase 10: Security Validations[2m > [22mshould not expose sensitive data in error messages[32m 6[2mms[22m[39m
[31m   ΓåÆ Failed to execute "fetch()" on "Window" with URL "http://localhost:3000/api/auth/login": [39m
 [31m├ù[39m src/tests/auth-rbac-integration.test.ts[2m > [22mAuthentication & RBAC Integration Tests[2m > [22mPhase 10: Security Validations[2m > [22mshould enforce HTTPS in production (via headers)[32m 6[2mms[22m[39m
[31m   ΓåÆ Failed to execute "fetch()" on "Window" with URL "http://localhost:3000/api/auth/login": [39m
 [31m├ù[39m src/tests/auth-rbac-integration.test.ts[2m > [22mAuthentication & RBAC Integration Tests[2m > [22mPhase 10: Security Validations[2m > [22mshould prevent XSS via httpOnly cookies[32m 4[2mms[22m[39m
[31m   ΓåÆ Failed to execute "fetch()" on "Window" with URL "http://localhost:3000/api/auth/login": [39m
 [31m├ù[39m src/tests/auth-rbac-integration.test.ts[2m > [22mAuthentication & RBAC Integration Tests[2m > [22mPhase 10: Security Validations[2m > [22mshould prevent CSRF via SameSite cookie attribute[32m 5[2mms[22m[39m
[31m   ΓåÆ Failed to execute "fetch()" on "Window" with URL "http://localhost:3000/api/auth/login": [39m
 [32mΓ£ô[39m testing/supabase-auth/unit/auth-module.test.ts[2m > [22mSupabase Auth Module - Unit Tests[2m > [22mToken Payload Structure[2m > [22mshould have correct structure for valid auth token[32m 4[2mms[22m[39m
 [32mΓ£ô[39m testing/supabase-auth/unit/auth-module.test.ts[2m > [22mSupabase Auth Module - Unit Tests[2m > [22mToken Payload Structure[2m > [22mshould handle token without optional tenant_id[32m 1[2mms[22m[39m
 [32mΓ£ô[39m testing/supabase-auth/unit/auth-module.test.ts[2m > [22mSupabase Auth Module - Unit Tests[2m > [22mEmail Validation Edge Cases[2m > [22mshould handle valid email formats[32m 1[2mms[22m[39m
 [32mΓ£ô[39m testing/supabase-auth/unit/auth-module.test.ts[2m > [22mSupabase Auth Module - Unit Tests[2m > [22mEmail Validation Edge Cases[2m > [22mshould reject invalid email formats[32m 1[2mms[22m[39m
 [32mΓ£ô[39m testing/supabase-auth/unit/auth-module.test.ts[2m > [22mSupabase Auth Module - Unit Tests[2m > [22mEmail Validation Edge Cases[2m > [22mshould handle very long email addresses[32m 1[2mms[22m[39m
 [32mΓ£ô[39m testing/supabase-auth/unit/auth-module.test.ts[2m > [22mSupabase Auth Module - Unit Tests[2m > [22mPassword Validation Requirements[2m > [22mshould require minimum 6 character password[32m 1[2mms[22m[39m
 [32mΓ£ô[39m testing/supabase-auth/unit/auth-module.test.ts[2m > [22mSupabase Auth Module - Unit Tests[2m > [22mPassword Validation Requirements[2m > [22mshould handle passwords with special characters[32m 1[2mms[22m[39m
 [32mΓ£ô[39m testing/supabase-auth/unit/auth-module.test.ts[2m > [22mSupabase Auth Module - Unit Tests[2m > [22mPassword Validation Requirements[2m > [22mshould handle very long passwords[32m 0[2mms[22m[39m
 [32mΓ£ô[39m testing/supabase-auth/unit/auth-module.test.ts[2m > [22mSupabase Auth Module - Unit Tests[2m > [22mUser ID Format Validation[2m > [22mshould handle valid UUID format[32m 1[2mms[22m[39m
 [32mΓ£ô[39m testing/supabase-auth/unit/auth-module.test.ts[2m > [22mSupabase Auth Module - Unit Tests[2m > [22mUser ID Format Validation[2m > [22mshould reject invalid UUID formats[32m 1[2mms[22m[39m
 [32mΓ£ô[39m testing/supabase-auth/unit/auth-module.test.ts[2m > [22mSupabase Auth Module - Unit Tests[2m > [22mSession Expiration Edge Cases[2m > [22mshould calculate correct expiration for 15-minute access token[32m 1[2mms[22m[39m
 [32mΓ£ô[39m testing/supabase-auth/unit/auth-module.test.ts[2m > [22mSupabase Auth Module - Unit Tests[2m > [22mSession Expiration Edge Cases[2m > [22mshould calculate correct expiration for 7-day refresh token[32m 0[2mms[22m[39m
 [32mΓ£ô[39m testing/supabase-auth/unit/auth-module.test.ts[2m > [22mSupabase Auth Module - Unit Tests[2m > [22mSession Expiration Edge Cases[2m > [22mshould handle token expiring in 1 second[32m 0[2mms[22m[39m
 [32mΓ£ô[39m testing/supabase-auth/unit/auth-module.test.ts[2m > [22mSupabase Auth Module - Unit Tests[2m > [22mSession Expiration Edge Cases[2m > [22mshould handle token already expired[32m 0[2mms[22m[39m
 [32mΓ£ô[39m testing/supabase-auth/unit/auth-module.test.ts[2m > [22mSupabase Auth Module - Unit Tests[2m > [22mConcurrent Session Handling[2m > [22mshould handle multiple tokens for same user[32m 1[2mms[22m[39m
 [32mΓ£ô[39m testing/supabase-auth/unit/auth-module.test.ts[2m > [22mSupabase Auth Module - Unit Tests[2m > [22mConcurrent Session Handling[2m > [22mshould handle token rotation[32m 0[2mms[22m[39m
 [32mΓ£ô[39m testing/supabase-auth/unit/auth-module.test.ts[2m > [22mSupabase Auth Module - Unit Tests[2m > [22mError State Handling[2m > [22mshould handle network errors gracefully[32m 0[2mms[22m[39m
 [32mΓ£ô[39m testing/supabase-auth/unit/auth-module.test.ts[2m > [22mSupabase Auth Module - Unit Tests[2m > [22mError State Handling[2m > [22mshould handle invalid credentials[32m 0[2mms[22m[39m
 [32mΓ£ô[39m testing/supabase-auth/unit/auth-module.test.ts[2m > [22mSupabase Auth Module - Unit Tests[2m > [22mError State Handling[2m > [22mshould handle user not found[32m 0[2mms[22m[39m
 [32mΓ£ô[39m testing/supabase-auth/unit/auth-module.test.ts[2m > [22mSupabase Auth Module - Unit Tests[2m > [22mError State Handling[2m > [22mshould handle email already in use[32m 0[2mms[22m[39m
 [32mΓ£ô[39m testing/supabase-auth/unit/auth-module.test.ts[2m > [22mSupabase Auth Module - Unit Tests[2m > [22mError State Handling[2m > [22mshould handle rate limiting[32m 0[2mms[22m[39m
[90mstderr[2m | testing/supabase-auth/unit/session.test.ts[2m > [22m[2mSession Management - Unit 
Tests[2m > [22m[2mdecodeJWT[2m > [22m[2mshould return null for invalid token format
[22m[39m[Session] Failed to decode JWT: SyntaxError: Unexpected token '∩┐╜', "∩┐╜∩┐╜" is not valid JSON
    at JSON.parse (<anonymous>)
    at decodeJWT (C:/Users/harsh/Desktop/Arcus_web_Folder/arcus-v1/src/lib/supabase/session.ts:130:26)
    at C:/Users/harsh/Desktop/Arcus_web_Folder/arcus-v1/testing/supabase-auth/unit/session.test.ts:54:23
    at [90mfile:///C:/Users/harsh/Desktop/Arcus_web_Folder/arcus-v1/[39mnode_modules/[4m@vitest/runner[2
4m/dist/index.js:157:11
    at [90mfile:///C:/Users/harsh/Desktop/Arcus_web_Folder/arcus-v1/[39mnode_modules/[4m@vitest/runner[2
4m/dist/index.js:753:26
    at [90mfile:///C:/Users/harsh/Desktop/Arcus_web_Folder/arcus-v1/[39mnode_modules/[4m@vitest/runner[2
4m/dist/index.js:1636:20
    at new Promise (<anonymous>)
    at runWithTimeout [90m(file:///C:/Users/harsh/Desktop/Arcus_web_Folder/arcus-v1/[39mnode_modules/[4m@
vitest/runner[24m/dist/index.js:1602:10[90m)[39m
    at runTest [90m(file:///C:/Users/harsh/Desktop/Arcus_web_Folder/arcus-v1/[39mnode_modules/[4m@vitest/
runner[24m/dist/index.js:1309:12[90m)[39m
[90m    at processTicksAndRejections (node:internal/process/task_queues:105:5)[39m

 [32mΓ£ô[39m testing/supabase-auth/unit/session.test.ts[2m > [22mSession Management - Unit Tests[2m > [22mdecodeJWT[2m > [22mshould decode valid JWT token[32m 3[2mms[22m[39m
 [32mΓ£ô[39m testing/supabase-auth/unit/session.test.ts[2m > [22mSession Management - Unit Tests[2m > [22mdecodeJWT[2m > [22mshould return null for malformed JWT[32m 0[2mms[22m[39m
 [32mΓ£ô[39m testing/supabase-auth/unit/session.test.ts[2m > [22mSession Management - Unit Tests[2m > [22mdecodeJWT[2m > [22mshould return null for invalid token format[32m 7[2mms[22m[39m
 [32mΓ£ô[39m testing/supabase-auth/unit/session.test.ts[2m > [22mSession Management - Unit Tests[2m > [22mdecodeJWT[2m > [22mshould return null for empty string[32m 0[2mms[22m[39m
 [32mΓ£ô[39m testing/supabase-auth/unit/session.test.ts[2m > [22mSession Management - Unit Tests[2m > [22mdecodeJWT[2m > [22mshould handle tokens with special characters[32m 1[2mms[22m[39m
 [32mΓ£ô[39m testing/supabase-auth/unit/session.test.ts[2m > [22mSession Management - Unit Tests[2m > [22mextractJWTClaims[2m > [22mshould extract claims from valid token[32m 1[2mms[22m[39m
 [32mΓ£ô[39m testing/supabase-auth/unit/session.test.ts[2m > [22mSession Management - Unit Tests[2m > [22mextractJWTClaims[2m > [22mshould return null for invalid token[32m 0[2mms[22m[39m
 [32mΓ£ô[39m testing/supabase-auth/unit/session.test.ts[2m > [22mSession Management - Unit Tests[2m > [22mextractJWTClaims[2m > [22mshould handle missing email claim[32m 0[2mms[22m[39m
 [32mΓ£ô[39m testing/supabase-auth/unit/session.test.ts[2m > [22mSession Management - Unit Tests[2m > [22mextractJWTClaims[2m > [22mshould handle missing tenantId claim[32m 0[2mms[22m[39m
 [32mΓ£ô[39m testing/supabase-auth/unit/session.test.ts[2m > [22mSession Management - Unit Tests[2m > [22misTokenExpired[2m > [22mshould return false for future expiration[32m 0[2mms[22m[39m
 [32mΓ£ô[39m testing/supabase-auth/unit/session.test.ts[2m > [22mSession Management - Unit Tests[2m > [22misTokenExpired[2m > [22mshould return true for past expiration[32m 0[2mms[22m[39m
 [32mΓ£ô[39m testing/supabase-auth/unit/session.test.ts[2m > [22mSession Management - Unit Tests[2m > [22misTokenExpired[2m > [22mshould return true for expired token exactly at current time[32m 0[2mms[22m[39m
 [32mΓ£ô[39m testing/supabase-auth/unit/session.test.ts[2m > [22mSession Management - Unit Tests[2m > [22misTokenExpired[2m > [22mshould return false for undefined expiration[32m 0[2mms[22m[39m
 [32mΓ£ô[39m testing/supabase-auth/unit/session.test.ts[2m > [22mSession Management - Unit Tests[2m > [22misTokenExpired[2m > [22mshould handle zero expiration (falsy value)[32m 0[2mms[22m[39m
 [32mΓ£ô[39m testing/supabase-auth/unit/session.test.ts[2m > [22mSession Management - Unit Tests[2m > [22misTokenExpired[2m > [22mshould handle large expiration values (year 3000)[32m 2[2mms[22m[39m
 [32mΓ£ô[39m testing/supabase-auth/unit/session.test.ts[2m > [22mSession Management - Unit Tests[2m > [22misTokenValid[2m > [22mshould return true for valid non-expired token[32m 0[2mms[22m[39m
 [32mΓ£ô[39m testing/supabase-auth/unit/session.test.ts[2m > [22mSession Management - Unit Tests[2m > [22misTokenValid[2m > [22mshould return true for expired token[32m 0[2mms[22m[39m
 [32mΓ£ô[39m testing/supabase-auth/unit/session.test.ts[2m > [22mSession Management - Unit Tests[2m > [22misTokenValid[2m > [22mshould return false for malformed token[32m 0[2mms[22m[39m
 [32mΓ£ô[39m testing/supabase-auth/unit/session.test.ts[2m > [22mSession Management - Unit Tests[2m > [22misTokenValid[2m > [22mshould return false for token without userId claim[32m 0[2mms[22m[39m
 [32mΓ£ô[39m testing/supabase-auth/unit/session.test.ts[2m > [22mSession Management - Unit Tests[2m > [22misTokenValid[2m > [22mshould handle empty token[32m 0[2mms[22m[39m
 [32mΓ£ô[39m testing/supabase-auth/unit/session.test.ts[2m > [22mSession Management - Unit Tests[2m > [22mgetTokenFromHeader[2m > [22mshould extract token from valid Authorization header[32m 0[2mms[22m[39m
 [32mΓ£ô[39m testing/supabase-auth/unit/session.test.ts[2m > [22mSession Management - Unit Tests[2m > [22mgetTokenFromHeader[2m > [22mshould return null for missing Bearer prefix[32m 0[2mms[22m[39m
 [32mΓ£ô[39m testing/supabase-auth/unit/session.test.ts[2m > [22mSession Management - Unit Tests[2m > [22mgetTokenFromHeader[2m > [22mshould return null for null header[32m 0[2mms[22m[39m
 [32mΓ£ô[39m testing/supabase-auth/unit/session.test.ts[2m > [22mSession Management - Unit Tests[2m > [22mgetTokenFromHeader[2m > [22mshould return null for empty string header[32m 0[2mms[22m[39m
 [32mΓ£ô[39m testing/supabase-auth/unit/session.test.ts[2m > [22mSession Management - Unit Tests[2m > [22mgetTokenFromHeader[2m > [22mshould return null for header with different auth scheme[32m 0[2mms[22m[39m
 [32mΓ£ô[39m testing/supabase-auth/unit/session.test.ts[2m > [22mSession Management - Unit Tests[2m > [22mgetTokenFromHeader[2m > [22mshould handle Bearer with extra spaces[32m 0[2mms[22m[39m
 [32mΓ£ô[39m testing/supabase-auth/unit/session.test.ts[2m > [22mSession Management - Unit Tests[2m > [22mgetTokenFromHeader[2m > [22mshould handle case-sensitive Bearer[32m 0[2mms[22m[39m
[90mstderr[2m | initCasbin 
(C:\Users\harsh\Desktop\Arcus_web_Folder\arcus-v1\src\lib\casbinClient.ts:65:13)
[22m[39mΓ¥î Failed to initialize Casbin with database: AggregateError: 
[90m    at internalConnectMultiple (node:net:1134:18)[39m
[90m    at afterConnectMultiple (node:net:1715:7)[39m {
  code: [32m'ECONNREFUSED'[39m,
  [errors]: [
    Error: connect ECONNREFUSED ::1:5432
    [90m    at createConnectionError (node:net:1678:14)[39m
    [90m    at afterConnectMultiple (node:net:1708:16)[39m {
      errno: [33m-4078[39m,
      code: [32m'ECONNREFUSED'[39m,
      syscall: [32m'connect'[39m,
      address: [32m'::1'[39m,
      port: [33m5432[39m
    },
    Error: connect ECONNREFUSED 127.0.0.1:5432
    [90m    at createConnectionError (node:net:1678:14)[39m
    [90m    at afterConnectMultiple (node:net:1708:16)[39m {
      errno: [33m-4078[39m,
      code: [32m'ECONNREFUSED'[39m,
      syscall: [32m'connect'[39m,
      address: [32m'127.0.0.1'[39m,
      port: [33m5432[39m
    }
  ]
}

[90mstdout[2m | initCasbin (C:\Users\harsh\Desktop\Arcus_web_Folder\arcus-v1\src\lib\casbinClient.ts:66:13)
[22m[39mΓÜá∩╕Å  Falling back to in-memory mode for Casbin

[90mstderr[2m | src/tests/permission-integration.test.ts[2m > [22m[2mPermission System[2m > 
[22m[2mRole Loading[2m > [22m[2mshould return empty object for missing file
[22m[39mFailed to load roles from /nonexistent/path/roles.json: Error: ENOENT: no such file or directory, 
open 'C:\nonexistent\path\roles.json'
[90m    at Object.readFileSync (node:fs:440:20)[39m
    at loadRoles (C:/Users/harsh/Desktop/Arcus_web_Folder/arcus-v1/src/lib/policyAdapter.ts:72:24)
    at C:/Users/harsh/Desktop/Arcus_web_Folder/arcus-v1/src/tests/permission-integration.test.ts:99:27
    at [90mfile:///C:/Users/harsh/Desktop/Arcus_web_Folder/arcus-v1/[39mnode_modules/[4m@vitest/runner[2
4m/dist/index.js:157:11
    at [90mfile:///C:/Users/harsh/Desktop/Arcus_web_Folder/arcus-v1/[39mnode_modules/[4m@vitest/runner[2
4m/dist/index.js:753:26
    at [90mfile:///C:/Users/harsh/Desktop/Arcus_web_Folder/arcus-v1/[39mnode_modules/[4m@vitest/runner[2
4m/dist/index.js:1636:20
    at new Promise (<anonymous>)
    at runWithTimeout [90m(file:///C:/Users/harsh/Desktop/Arcus_web_Folder/arcus-v1/[39mnode_modules/[4m@
vitest/runner[24m/dist/index.js:1602:10[90m)[39m
    at runTest [90m(file:///C:/Users/harsh/Desktop/Arcus_web_Folder/arcus-v1/[39mnode_modules/[4m@vitest/
runner[24m/dist/index.js:1309:12[90m)[39m
[90m    at processTicksAndRejections (node:internal/process/task_queues:105:5)[39m {
  errno: [33m-4058[39m,
  code: [32m'ENOENT'[39m,
  syscall: [32m'open'[39m,
  path: [32m'C:\\nonexistent\\path\\roles.json'[39m
}

[90mstderr[2m | src/tests/permission-integration.test.ts[2m > [22m[2mPermission System[2m > 
[22m[2mPermission Queries[2m > [22m[2mshould get permissions for a role
[22m[39mRole Admin not found

[90mstderr[2m | src/tests/permission-integration.test.ts[2m > [22m[2mPermission System[2m > 
[22m[2mPermission Queries[2m > [22m[2mshould return empty array for nonexistent role
[22m[39mRole NonexistentRole not found

[90mstderr[2m | src/tests/permission-integration.test.ts[2m > [22m[2mPermission System[2m > 
[22m[2mSchema Loading[2m > [22m[2mshould load schema from file
[22m[39mFailed to load schema from 
C:\Users\harsh\Desktop\Arcus_web_Folder\arcus-v1\src\policy\schema.perm: Error: ENOENT: no such file or 
directory, open 'C:\Users\harsh\Desktop\Arcus_web_Folder\arcus-v1\src\policy\schema.perm'
[90m    at Object.readFileSync (node:fs:440:20)[39m
    at loadSchema (C:/Users/harsh/Desktop/Arcus_web_Folder/arcus-v1/src/lib/policyAdapter.ts:87:24)
    at C:/Users/harsh/Desktop/Arcus_web_Folder/arcus-v1/src/tests/permission-integration.test.ts:136:28
    at [90mfile:///C:/Users/harsh/Desktop/Arcus_web_Folder/arcus-v1/[39mnode_modules/[4m@vitest/runner[2
4m/dist/index.js:157:11
    at [90mfile:///C:/Users/harsh/Desktop/Arcus_web_Folder/arcus-v1/[39mnode_modules/[4m@vitest/runner[2
4m/dist/index.js:753:26
    at [90mfile:///C:/Users/harsh/Desktop/Arcus_web_Folder/arcus-v1/[39mnode_modules/[4m@vitest/runner[2
4m/dist/index.js:1636:20
    at new Promise (<anonymous>)
    at runWithTimeout [90m(file:///C:/Users/harsh/Desktop/Arcus_web_Folder/arcus-v1/[39mnode_modules/[4m@
vitest/runner[24m/dist/index.js:1602:10[90m)[39m
    at runTest [90m(file:///C:/Users/harsh/Desktop/Arcus_web_Folder/arcus-v1/[39mnode_modules/[4m@vitest/
runner[24m/dist/index.js:1309:12[90m)[39m
[90m    at processTicksAndRejections (node:internal/process/task_queues:105:5)[39m {
  errno: [33m-4058[39m,
  code: [32m'ENOENT'[39m,
  syscall: [32m'open'[39m,
  path: [32m'C:\\Users\\harsh\\Desktop\\Arcus_web_Folder\\arcus-v1\\src\\policy\\schema.perm'[39m
}

[90mstderr[2m | src/tests/permission-integration.test.ts[2m > [22m[2mPermission System[2m > 
[22m[2mSchema Loading[2m > [22m[2mshould return empty string for missing file
[22m[39mFailed to load schema from /nonexistent/path/schema.perm: Error: ENOENT: no such file or 
directory, open 'C:\nonexistent\path\schema.perm'
[90m    at Object.readFileSync (node:fs:440:20)[39m
    at loadSchema (C:/Users/harsh/Desktop/Arcus_web_Folder/arcus-v1/src/lib/policyAdapter.ts:87:24)
    at C:/Users/harsh/Desktop/Arcus_web_Folder/arcus-v1/src/tests/permission-integration.test.ts:145:28
    at [90mfile:///C:/Users/harsh/Desktop/Arcus_web_Folder/arcus-v1/[39mnode_modules/[4m@vitest/runner[2
4m/dist/index.js:157:11
    at [90mfile:///C:/Users/harsh/Desktop/Arcus_web_Folder/arcus-v1/[39mnode_modules/[4m@vitest/runner[2
4m/dist/index.js:753:26
    at [90mfile:///C:/Users/harsh/Desktop/Arcus_web_Folder/arcus-v1/[39mnode_modules/[4m@vitest/runner[2
4m/dist/index.js:1636:20
    at new Promise (<anonymous>)
    at runWithTimeout [90m(file:///C:/Users/harsh/Desktop/Arcus_web_Folder/arcus-v1/[39mnode_modules/[4m@
vitest/runner[24m/dist/index.js:1602:10[90m)[39m
    at runTest [90m(file:///C:/Users/harsh/Desktop/Arcus_web_Folder/arcus-v1/[39mnode_modules/[4m@vitest/
runner[24m/dist/index.js:1309:12[90m)[39m
[90m    at processTicksAndRejections (node:internal/process/task_queues:105:5)[39m {
  errno: [33m-4058[39m,
  code: [32m'ENOENT'[39m,
  syscall: [32m'open'[39m,
  path: [32m'C:\\nonexistent\\path\\schema.perm'[39m
}

[90mstderr[2m | src/tests/permission-integration.test.ts[2m > [22m[2mPermission System[2m > 
[22m[2mSchema Loading[2m > [22m[2mshould contain policy definitions
[22m[39mFailed to load schema from 
C:\Users\harsh\Desktop\Arcus_web_Folder\arcus-v1\src\policy\schema.perm: Error: ENOENT: no such file or 
directory, open 'C:\Users\harsh\Desktop\Arcus_web_Folder\arcus-v1\src\policy\schema.perm'
[90m    at Object.readFileSync (node:fs:440:20)[39m
    at loadSchema (C:/Users/harsh/Desktop/Arcus_web_Folder/arcus-v1/src/lib/policyAdapter.ts:87:24)
    at C:/Users/harsh/Desktop/Arcus_web_Folder/arcus-v1/src/tests/permission-integration.test.ts:151:28
    at [90mfile:///C:/Users/harsh/Desktop/Arcus_web_Folder/arcus-v1/[39mnode_modules/[4m@vitest/runner[2
4m/dist/index.js:157:11
    at [90mfile:///C:/Users/harsh/Desktop/Arcus_web_Folder/arcus-v1/[39mnode_modules/[4m@vitest/runner[2
4m/dist/index.js:753:26
    at [90mfile:///C:/Users/harsh/Desktop/Arcus_web_Folder/arcus-v1/[39mnode_modules/[4m@vitest/runner[2
4m/dist/index.js:1636:20
    at new Promise (<anonymous>)
    at runWithTimeout [90m(file:///C:/Users/harsh/Desktop/Arcus_web_Folder/arcus-v1/[39mnode_modules/[4m@
vitest/runner[24m/dist/index.js:1602:10[90m)[39m
    at runTest [90m(file:///C:/Users/harsh/Desktop/Arcus_web_Folder/arcus-v1/[39mnode_modules/[4m@vitest/
runner[24m/dist/index.js:1309:12[90m)[39m
[90m    at processTicksAndRejections (node:internal/process/task_queues:105:5)[39m {
  errno: [33m-4058[39m,
  code: [32m'ENOENT'[39m,
  syscall: [32m'open'[39m,
  path: [32m'C:\\Users\\harsh\\Desktop\\Arcus_web_Folder\\arcus-v1\\src\\policy\\schema.perm'[39m
}

 [32mΓ£ô[39m src/tests/permission-integration.test.ts[2m > [22mPermission System[2m > [22mPolicy Evaluation[2m > [22mshould allow GET requests in mock mode[32m 4[2mms[22m[39m
 [32mΓ£ô[39m src/tests/permission-integration.test.ts[2m > [22mPermission System[2m > [22mPolicy Evaluation[2m > [22mshould allow test principals in mock mode[32m 1[2mms[22m[39m
 [32mΓ£ô[39m src/tests/permission-integration.test.ts[2m > [22mPermission System[2m > [22mPolicy Evaluation[2m > [22mshould allow admin principal in mock mode[32m 0[2mms[22m[39m
 [32mΓ£ô[39m src/tests/permission-integration.test.ts[2m > [22mPermission System[2m > [22mPolicy Evaluation[2m > [22mshould deny non-GET requests from regular users in mock mode[32m 0[2mms[22m[39m
 [32mΓ£ô[39m src/tests/permission-integration.test.ts[2m > [22mPermission System[2m > [22mPolicy Evaluation[2m > [22mshould deny undefined principals[32m 0[2mms[22m[39m
 [32mΓ£ô[39m src/tests/permission-integration.test.ts[2m > [22mPermission System[2m > [22mRole Loading[2m > [22mshould load roles from file[32m 20[2mms[22m[39m
 [32mΓ£ô[39m src/tests/permission-integration.test.ts[2m > [22mPermission System[2m > [22mRole Loading[2m > [22mshould return empty object for missing file[32m 13[2mms[22m[39m
 [31m├ù[39m src/tests/permission-integration.test.ts[2m > [22mPermission System[2m > [22mRole Loading[2m > [22mshould have permissions array for each role[32m 2[2mms[22m[39m
[31m   ΓåÆ Permissions should be array[39m
 [32mΓ£ô[39m src/tests/permission-integration.test.ts[2m > [22mPermission System[2m > [22mPermission Queries[2m > [22mshould get permissions for a role[32m 2[2mms[22m[39m
 [32mΓ£ô[39m src/tests/permission-integration.test.ts[2m > [22mPermission System[2m > [22mPermission Queries[2m > [22mshould return empty array for nonexistent role[32m 2[2mms[22m[39m
 [32mΓ£ô[39m src/tests/permission-integration.test.ts[2m > [22mPermission System[2m > [22mSchema Loading[2m > [22mshould load schema from file[32m 2[2mms[22m[39m
 [32mΓ£ô[39m src/tests/permission-integration.test.ts[2m > [22mPermission System[2m > [22mSchema Loading[2m > [22mshould return empty string for missing file[32m 2[2mms[22m[39m
 [32mΓ£ô[39m src/tests/permission-integration.test.ts[2m > [22mPermission System[2m > [22mSchema Loading[2m > [22mshould contain policy definitions[32m 2[2mms[22m[39m
 [32mΓ£ô[39m src/tests/permission-integration.test.ts[2m > [22mPermission System[2m > [22mCache Behavior[2m > [22mshould cache policy decisions[32m 1[2mms[22m[39m
 [32mΓ£ô[39m src/tests/permission-integration.test.ts[2m > [22mPermission System[2m > [22mError Handling[2m > [22mshould handle missing environment variables gracefully[32m 0[2mms[22m[39m
 [32mΓ£ô[39m src/tests/permission-integration.test.ts[2m > [22mPermission System[2m > [22mError Handling[2m > [22mshould return false on invalid input[32m 0[2mms[22m[39m
 [32mΓ£ô[39m src/tests/permission-integration.test.ts[2m > [22mPermission System[2m > [22mIntegration[2m > [22mshould evaluate policy with tenant context[32m 0[2mms[22m[39m
 [32mΓ£ô[39m src/tests/permission-integration.test.ts[2m > [22mPermission System[2m > [22mIntegration[2m > [22mshould evaluate policy with resource ID[32m 0[2mms[22m[39m
[90mstdout[2m | initCasbin (C:\Users\harsh\Desktop\Arcus_web_Folder\arcus-v1\src\lib\casbinClient.ts:72:15)
[22m[39mΓ£à Casbin enforcer initialized in memory mode

[90mstdout[2m | smoke (C:\Users\harsh\Desktop\Arcus_web_Folder\arcus-v1\src\tests\rbac-smoke.test.ts:6:11)
[22m[39madmin perms 


[31mΓÄ»ΓÄ»ΓÄ»ΓÄ»ΓÄ»ΓÄ»[39m[1m[41m Failed Suites 3 [49m[22m[31mΓÄ»ΓÄ»ΓÄ»ΓÄ»ΓÄ»ΓÄ»ΓÄ»[39m

[41m[1m FAIL [22m[49m src/tests/rbac-smoke.test.ts[2m [ src/tests/rbac-smoke.test.ts ][22m
[31m[1mError[22m: No test suite found in file 
C:/Users/harsh/Desktop/Arcus_web_Folder/arcus-v1/src/tests/rbac-smoke.test.ts[39m
[31m[2mΓÄ»ΓÄ»ΓÄ»ΓÄ»ΓÄ»ΓÄ»ΓÄ»ΓÄ»ΓÄ»ΓÄ»ΓÄ»ΓÄ»ΓÄ»ΓÄ»ΓÄ»ΓÄ»ΓÄ»ΓÄ»ΓÄ»ΓÄ»ΓÄ»ΓÄ»ΓÄ»[1/42]ΓÄ»[22m[39m

[41m[1m FAIL [22m[49m src/tests/user-management-e2e.test.ts[2m [ src/tests/user-management-e2e.test.ts 
][22m
[31m[1mError[22m: Missing NEXT_PUBLIC_SUPABASE_URL environment variable[39m
[36m [2mΓ¥»[22m src/lib/supabase/client.ts:[2m20:9[22m[39m
    [90m 18| [39m
    [90m 19| [39m[35mif[39m ([33m![39m[33mSUPABASE_URL[39m) {
    [90m 20| [39m  throw new Error('Missing NEXT_PUBLIC_SUPABASE_URL environment variabΓÇª
    [90m   | [39m        [31m^[39m
    [90m 21| [39m}
    [90m 22| [39m
[90m [2mΓ¥»[22m src/tests/user-management-e2e.test.ts:[2m21:1[22m[39m

[31m[2mΓÄ»ΓÄ»ΓÄ»ΓÄ»ΓÄ»ΓÄ»ΓÄ»ΓÄ»ΓÄ»ΓÄ»ΓÄ»ΓÄ»ΓÄ»ΓÄ»ΓÄ»ΓÄ»ΓÄ»ΓÄ»ΓÄ»ΓÄ»ΓÄ»ΓÄ»ΓÄ»[2/42]ΓÄ»[22m[39m

[41m[1m FAIL [22m[49m testing/supabase-auth/integration/auth-api.test.ts[2m > [22mSupabase Auth 
Integration Tests[2m > [22mPOST /api/auth/login
[31m[1mNetworkError[22m: Failed to execute "fetch()" on "Window" with URL 
"http://localhost:3000/api/auth/signup": [39m
[90m [2mΓ¥»[22m Fetch.onError node_modules/happy-dom/lib/fetch/Fetch.js:[2m540:21[22m[39m

[31m[2mΓÄ»ΓÄ»ΓÄ»ΓÄ»ΓÄ»ΓÄ»ΓÄ»ΓÄ»ΓÄ»ΓÄ»ΓÄ»ΓÄ»ΓÄ»ΓÄ»ΓÄ»ΓÄ»ΓÄ»ΓÄ»ΓÄ»ΓÄ»ΓÄ»ΓÄ»ΓÄ»[3/42]ΓÄ»[22m[39m


[31mΓÄ»ΓÄ»ΓÄ»ΓÄ»ΓÄ»ΓÄ»[39m[1m[41m Failed Tests 39 [49m[22m[31mΓÄ»ΓÄ»ΓÄ»ΓÄ»ΓÄ»ΓÄ»ΓÄ»[39m

[41m[1m FAIL [22m[49m src/tests/auth-rbac-integration.test.ts[2m > [22mAuthentication & RBAC 
Integration Tests[2m > [22mPhase 1: User Authentication Flow[2m > [22mshould successfully login admin 
user
[41m[1m FAIL [22m[49m src/tests/auth-rbac-integration.test.ts[2m > [22mAuthentication & RBAC 
Integration Tests[2m > [22mPhase 1: User Authentication Flow[2m > [22mshould create session cookie with 
proper attributes
[41m[1m FAIL [22m[49m src/tests/auth-rbac-integration.test.ts[2m > [22mAuthentication & RBAC 
Integration Tests[2m > [22mPhase 1: User Authentication Flow[2m > [22mshould reject login with invalid 
credentials
[41m[1m FAIL [22m[49m src/tests/auth-rbac-integration.test.ts[2m > [22mAuthentication & RBAC 
Integration Tests[2m > [22mPhase 1: User Authentication Flow[2m > [22mshould re-login after logout
[41m[1m FAIL [22m[49m src/tests/auth-rbac-integration.test.ts[2m > [22mAuthentication & RBAC 
Integration Tests[2m > [22mPhase 5: User Management with RBAC[2m > [22mshould prevent non-admin from 
creating users
[41m[1m FAIL [22m[49m src/tests/auth-rbac-integration.test.ts[2m > [22mAuthentication & RBAC 
Integration Tests[2m > [22mPhase 8: Concurrent Session Handling[2m > [22mshould handle multiple 
concurrent logins
[41m[1m FAIL [22m[49m src/tests/auth-rbac-integration.test.ts[2m > [22mAuthentication & RBAC 
Integration Tests[2m > [22mPhase 8: Concurrent Session Handling[2m > [22mshould handle login from 
different devices (multiple sessions)
[41m[1m FAIL [22m[49m src/tests/auth-rbac-integration.test.ts[2m > [22mAuthentication & RBAC 
Integration Tests[2m > [22mPhase 9: Error Recovery[2m > [22mshould provide meaningful error messages
[41m[1m FAIL [22m[49m src/tests/auth-rbac-integration.test.ts[2m > [22mAuthentication & RBAC 
Integration Tests[2m > [22mPhase 10: Security Validations[2m > [22mshould not expose sensitive data in 
error messages
[41m[1m FAIL [22m[49m src/tests/auth-rbac-integration.test.ts[2m > [22mAuthentication & RBAC 
Integration Tests[2m > [22mPhase 10: Security Validations[2m > [22mshould enforce HTTPS in production 
(via headers)
[41m[1m FAIL [22m[49m src/tests/auth-rbac-integration.test.ts[2m > [22mAuthentication & RBAC 
Integration Tests[2m > [22mPhase 10: Security Validations[2m > [22mshould prevent XSS via httpOnly 
cookies
[41m[1m FAIL [22m[49m src/tests/auth-rbac-integration.test.ts[2m > [22mAuthentication & RBAC 
Integration Tests[2m > [22mPhase 10: Security Validations[2m > [22mshould prevent CSRF via SameSite 
cookie attribute
[41m[1m FAIL [22m[49m testing/supabase-auth/integration/auth-api.test.ts[2m > [22mSupabase Auth 
Integration Tests[2m > [22mSession Management - Edge Cases[2m > [22mshould handle concurrent login 
requests
[41m[1m FAIL [22m[49m testing/supabase-auth/integration/auth-api.test.ts[2m > [22mSupabase Auth 
Integration Tests[2m > [22mSession Management - Edge Cases[2m > [22mshould handle consecutive 
login/logout cycles
[41m[1m FAIL [22m[49m testing/supabase-auth/integration/auth-api.test.ts[2m > [22mSupabase Auth 
Integration Tests[2m > [22mError Handling and Recovery[2m > [22mshould provide helpful error messages
[41m[1m FAIL [22m[49m testing/supabase-auth/integration/auth-api.test.ts[2m > [22mSupabase Auth 
Integration Tests[2m > [22mError Handling and Recovery[2m > [22mshould not leak sensitive information 
in errors
[31m[1mNetworkError[22m: Failed to execute "fetch()" on "Window" with URL 
"http://localhost:3000/api/auth/login": [39m
[90m [2mΓ¥»[22m Fetch.onError node_modules/happy-dom/lib/fetch/Fetch.js:[2m540:21[22m[39m

[31m[2mΓÄ»ΓÄ»ΓÄ»ΓÄ»ΓÄ»ΓÄ»ΓÄ»ΓÄ»ΓÄ»ΓÄ»ΓÄ»ΓÄ»ΓÄ»ΓÄ»ΓÄ»ΓÄ»ΓÄ»ΓÄ»ΓÄ»ΓÄ»ΓÄ»ΓÄ»ΓÄ»[4/42]ΓÄ»[22m[39m

[41m[1m FAIL [22m[49m src/tests/auth-rbac-integration.test.ts[2m > [22mAuthentication & RBAC 
Integration Tests[2m > [22mPhase 1: User Authentication Flow[2m > [22mshould successfully logout
[41m[1m FAIL [22m[49m testing/supabase-auth/integration/auth-api.test.ts[2m > [22mSupabase Auth 
Integration Tests[2m > [22mPOST /api/auth/logout[2m > [22mshould successfully logout
[41m[1m FAIL [22m[49m testing/supabase-auth/integration/auth-api.test.ts[2m > [22mSupabase Auth 
Integration Tests[2m > [22mPOST /api/auth/logout[2m > [22mshould clear cookies on logout
[41m[1m FAIL [22m[49m testing/supabase-auth/integration/auth-api.test.ts[2m > [22mSupabase Auth 
Integration Tests[2m > [22mPOST /api/auth/logout[2m > [22mshould handle logout without session
[41m[1m FAIL [22m[49m testing/supabase-auth/integration/auth-api.test.ts[2m > [22mSupabase Auth 
Integration Tests[2m > [22mSession Management - Edge Cases[2m > [22mshould handle login after logout
[31m[1mNetworkError[22m: Failed to execute "fetch()" on "Window" with URL 
"http://localhost:3000/api/auth/logout": [39m
[90m [2mΓ¥»[22m Fetch.onError node_modules/happy-dom/lib/fetch/Fetch.js:[2m540:21[22m[39m

[31m[2mΓÄ»ΓÄ»ΓÄ»ΓÄ»ΓÄ»ΓÄ»ΓÄ»ΓÄ»ΓÄ»ΓÄ»ΓÄ»ΓÄ»ΓÄ»ΓÄ»ΓÄ»ΓÄ»ΓÄ»ΓÄ»ΓÄ»ΓÄ»ΓÄ»ΓÄ»ΓÄ»[5/42]ΓÄ»[22m[39m

[41m[1m FAIL [22m[49m src/tests/auth-rbac-integration.test.ts[2m > [22mAuthentication & RBAC 
Integration Tests[2m > [22mPhase 2: Session Validation & User Info[2m > [22mshould reject /api/auth/me 
without session
[41m[1m FAIL [22m[49m src/tests/auth-rbac-integration.test.ts[2m > [22mAuthentication & RBAC 
Integration Tests[2m > [22mPhase 7: Session Expiry & Refresh[2m > [22mshould handle expired session 
gracefully
[31m[1mNetworkError[22m: Failed to execute "fetch()" on "Window" with URL 
"http://localhost:3000/api/auth/me": [39m
[90m [2mΓ¥»[22m Fetch.onError node_modules/happy-dom/lib/fetch/Fetch.js:[2m540:21[22m[39m

[31m[2mΓÄ»ΓÄ»ΓÄ»ΓÄ»ΓÄ»ΓÄ»ΓÄ»ΓÄ»ΓÄ»ΓÄ»ΓÄ»ΓÄ»ΓÄ»ΓÄ»ΓÄ»ΓÄ»ΓÄ»ΓÄ»ΓÄ»ΓÄ»ΓÄ»ΓÄ»ΓÄ»[6/42]ΓÄ»[22m[39m

[41m[1m FAIL [22m[49m src/tests/permission-integration.test.ts[2m > [22mPermission System[2m > 
[22mRole Loading[2m > [22mshould have permissions array for each role
[31m[1mError[22m: Permissions should be array[39m
[36m [2mΓ¥»[22m src/tests/permission-integration.test.ts:[2m110:31[22m[39m
    [90m108| [39m        [35mif[39m (role) {
    [90m109| [39m          [35mconst[39m isArray [33m=[39m 
[33mArray[39m[33m.[39m[34misArray[39m(role[33m.[39mpermissions)[33m;[39m
    [90m110| [39m          [35mif[39m ([33m![39misArray) [35mthrow[39m [35mnew[39m 
[33mError[39m([32m'Permissions should be array'[39m)[33m;[39m
    [90m   | [39m                              [31m^[39m
    [90m111| [39m        }
    [90m112| [39m      })[33m;[39m
[90m [2mΓ¥»[22m src/tests/permission-integration.test.ts:[2m107:28[22m[39m

[31m[2mΓÄ»ΓÄ»ΓÄ»ΓÄ»ΓÄ»ΓÄ»ΓÄ»ΓÄ»ΓÄ»ΓÄ»ΓÄ»ΓÄ»ΓÄ»ΓÄ»ΓÄ»ΓÄ»ΓÄ»ΓÄ»ΓÄ»ΓÄ»ΓÄ»ΓÄ»ΓÄ»[7/42]ΓÄ»[22m[39m

[41m[1m FAIL [22m[49m src/tests/validation.test.ts[2m > [22mValidation Library[2m > 
[22memailSchema[2m > [22mshould lowercase and trim email
[31m[1mAssertionError[22m: expected false to be true // Object.is equality[39m

[32m- Expected[39m
[31m+ Received[39m

[32m- true[39m
[31m+ false[39m

[36m [2mΓ¥»[22m src/tests/validation.test.ts:[2m156:30[22m[39m
    [90m154| [39m    [34mit[39m([32m'should lowercase and trim email'[39m[33m,[39m () [33m=>[39m {
    [90m155| [39m      [35mconst[39m result [33m=[39m 
emailSchema[33m.[39m[34msafeParse[39m([32m'  TEST@EXAMPLE.COM  '[39m)[33m;[39m
    [90m156| [39m      
[34mexpect[39m(result[33m.[39msuccess)[33m.[39m[34mtoBe[39m([35mtrue[39m)[33m;[39m
    [90m   | [39m                             [31m^[39m
    [90m157| [39m      [35mif[39m (result[33m.[39msuccess) {
    [90m158| [39m        
[34mexpect[39m(result[33m.[39mdata)[33m.[39m[34mtoBe[39m([32m'test@example.com'[39m)[33m;[39m

[31m[2mΓÄ»ΓÄ»ΓÄ»ΓÄ»ΓÄ»ΓÄ»ΓÄ»ΓÄ»ΓÄ»ΓÄ»ΓÄ»ΓÄ»ΓÄ»ΓÄ»ΓÄ»ΓÄ»ΓÄ»ΓÄ»ΓÄ»ΓÄ»ΓÄ»ΓÄ»ΓÄ»[8/42]ΓÄ»[22m[39m

[41m[1m FAIL [22m[49m src/tests/validation.test.ts[2m > [22mValidation Library[2m > 
[22mphoneSchema[2m > [22mshould reject invalid phone
[31m[1mAssertionError[22m: expected true to be false // Object.is equality[39m

[32m- Expected[39m
[31m+ Received[39m

[32m- false[39m
[31m+ true[39m

[36m [2mΓ¥»[22m src/tests/validation.test.ts:[2m186:30[22m[39m
    [90m184| [39m    [34mit[39m([32m'should reject invalid phone'[39m[33m,[39m () [33m=>[39m {
    [90m185| [39m      [35mconst[39m result [33m=[39m 
phoneSchema[33m.[39m[34msafeParse[39m([32m'123'[39m)[33m;[39m
    [90m186| [39m      
[34mexpect[39m(result[33m.[39msuccess)[33m.[39m[34mtoBe[39m([35mfalse[39m)[33m;[39m
    [90m   | [39m                             [31m^[39m
    [90m187| [39m    })[33m;[39m
    [90m188| [39m  })[33m;[39m

[31m[2mΓÄ»ΓÄ»ΓÄ»ΓÄ»ΓÄ»ΓÄ»ΓÄ»ΓÄ»ΓÄ»ΓÄ»ΓÄ»ΓÄ»ΓÄ»ΓÄ»ΓÄ»ΓÄ»ΓÄ»ΓÄ»ΓÄ»ΓÄ»ΓÄ»ΓÄ»ΓÄ»[9/42]ΓÄ»[22m[39m

[41m[1m FAIL [22m[49m src/tests/validation.test.ts[2m > [22mValidation Library[2m > 
[22mslugSchema[2m > [22mshould lowercase slug
[31m[1mAssertionError[22m: expected false to be true // Object.is equality[39m

[32m- Expected[39m
[31m+ Received[39m

[32m- true[39m
[31m+ false[39m

[36m [2mΓ¥»[22m src/tests/validation.test.ts:[2m211:30[22m[39m
    [90m209| [39m    [34mit[39m([32m'should lowercase slug'[39m[33m,[39m () [33m=>[39m {
    [90m210| [39m      [35mconst[39m result [33m=[39m 
slugSchema[33m.[39m[34msafeParse[39m([32m'My-Test-SLUG'[39m)[33m;[39m
    [90m211| [39m      
[34mexpect[39m(result[33m.[39msuccess)[33m.[39m[34mtoBe[39m([35mtrue[39m)[33m;[39m
    [90m   | [39m                             [31m^[39m
    [90m212| [39m      [35mif[39m (result[33m.[39msuccess) {
    [90m213| [39m        
[34mexpect[39m(result[33m.[39mdata)[33m.[39m[34mtoBe[39m([32m'my-test-slug'[39m)[33m;[39m

[31m[2mΓÄ»ΓÄ»ΓÄ»ΓÄ»ΓÄ»ΓÄ»ΓÄ»ΓÄ»ΓÄ»ΓÄ»ΓÄ»ΓÄ»ΓÄ»ΓÄ»ΓÄ»ΓÄ»ΓÄ»ΓÄ»ΓÄ»ΓÄ»ΓÄ»ΓÄ»[10/42]ΓÄ»[22m[39m

[41m[1m FAIL [22m[49m src/tests/validation.test.ts[2m > [22mValidation Library[2m > 
[22mvalidateBody[2m > [22mshould return success for valid body
[31m[1mAssertionError[22m: expected false to be true // Object.is equality[39m

[32m- Expected[39m
[31m+ Received[39m

[32m- true[39m
[31m+ false[39m

[36m [2mΓ¥»[22m src/tests/validation.test.ts:[2m358:30[22m[39m
    [90m356| [39m      [35mconst[39m result [33m=[39m [35mawait[39m 
[34mvalidateBody[39m(body[33m,[39m emailSchema)[33m;[39m
    [90m357| [39m      
    [90m358| [39m      
[34mexpect[39m(result[33m.[39msuccess)[33m.[39m[34mtoBe[39m([35mtrue[39m)[33m;[39m
    [90m   | [39m                             [31m^[39m
    [90m359| [39m      [35mif[39m (result[33m.[39msuccess) {
    [90m360| [39m        
[34mexpect[39m(result[33m.[39mdata)[33m.[39m[34mtoBe[39m([32m'test@example.com'[39m)[33m;[39m

[31m[2mΓÄ»ΓÄ»ΓÄ»ΓÄ»ΓÄ»ΓÄ»ΓÄ»ΓÄ»ΓÄ»ΓÄ»ΓÄ»ΓÄ»ΓÄ»ΓÄ»ΓÄ»ΓÄ»ΓÄ»ΓÄ»ΓÄ»ΓÄ»ΓÄ»ΓÄ»[11/42]ΓÄ»[22m[39m

[41m[1m FAIL [22m[49m testing/supabase-auth/integration/auth-api.test.ts[2m > [22mSupabase Auth 
Integration Tests[2m > [22mPOST /api/auth/signup[2m > [22mshould successfully register a new user
[41m[1m FAIL [22m[49m testing/supabase-auth/integration/auth-api.test.ts[2m > [22mSupabase Auth 
Integration Tests[2m > [22mPOST /api/auth/signup[2m > [22mshould reject signup with invalid email
[41m[1m FAIL [22m[49m testing/supabase-auth/integration/auth-api.test.ts[2m > [22mSupabase Auth 
Integration Tests[2m > [22mPOST /api/auth/signup[2m > [22mshould reject signup with short password
[41m[1m FAIL [22m[49m testing/supabase-auth/integration/auth-api.test.ts[2m > [22mSupabase Auth 
Integration Tests[2m > [22mPOST /api/auth/signup[2m > [22mshould reject signup with missing password
[41m[1m FAIL [22m[49m testing/supabase-auth/integration/auth-api.test.ts[2m > [22mSupabase Auth 
Integration Tests[2m > [22mPOST /api/auth/signup[2m > [22mshould reject signup with missing email
[41m[1m FAIL [22m[49m testing/supabase-auth/integration/auth-api.test.ts[2m > [22mSupabase Auth 
Integration Tests[2m > [22mPOST /api/auth/signup[2m > [22mshould reject duplicate email signup
[41m[1m FAIL [22m[49m testing/supabase-auth/integration/auth-api.test.ts[2m > [22mSupabase Auth 
Integration Tests[2m > [22mPOST /api/auth/signup[2m > [22mshould handle special characters in email
[41m[1m FAIL [22m[49m testing/supabase-auth/integration/auth-api.test.ts[2m > [22mSupabase Auth 
Integration Tests[2m > [22mPOST /api/auth/signup[2m > [22mshould handle very long email
[41m[1m FAIL [22m[49m testing/supabase-auth/integration/auth-api.test.ts[2m > [22mSupabase Auth 
Integration Tests[2m > [22mPOST /api/auth/signup[2m > [22mshould handle empty request body
[41m[1m FAIL [22m[49m testing/supabase-auth/integration/auth-api.test.ts[2m > [22mSupabase Auth 
Integration Tests[2m > [22mPOST /api/auth/signup[2m > [22mshould handle malformed JSON
[41m[1m FAIL [22m[49m testing/supabase-auth/integration/auth-api.test.ts[2m > [22mSupabase Auth 
Integration Tests[2m > [22mPOST /api/auth/signup[2m > [22mshould support optional metadata fields
[31m[1mNetworkError[22m: Failed to execute "fetch()" on "Window" with URL 
"http://localhost:3000/api/auth/signup": [39m
[90m [2mΓ¥»[22m Fetch.onError node_modules/happy-dom/lib/fetch/Fetch.js:[2m540:21[22m[39m

[31m[2mΓÄ»ΓÄ»ΓÄ»ΓÄ»ΓÄ»ΓÄ»ΓÄ»ΓÄ»ΓÄ»ΓÄ»ΓÄ»ΓÄ»ΓÄ»ΓÄ»ΓÄ»ΓÄ»ΓÄ»ΓÄ»ΓÄ»ΓÄ»ΓÄ»ΓÄ»[12/42]ΓÄ»[22m[39m


[2m Test Files [22m [1m[31m6 failed[39m[22m[2m | [22m[1m[32m2 passed[39m[22m[90m (8)[39m
[2m      Tests [22m [1m[31m39 failed[39m[22m[2m | [22m[1m[32m117 passed[39m[22m[2m | [22m[33m10 skipped[39m[90m (166)[39m
[2m   Start at [22m 17:43:50
[2m   Duration [22m 30.47s[2m (transform 1.21s, setup 23.49s, collect 17.88s, tests 500ms, environment 43.57s, prepare 564ms)[22m

[1m[41m FAIL [49m[22m [31mTests failed. Watching for file changes...[39m
       [2mpress [22m[1mh[22m[2m to show help[22m[2m, [22m[2mpress [22m[1mq[22m[2m to quit[22m
^C
